Component: ARM Compiler 5.06 update 7 (build 960) Tool: armlink [4d3601]

==============================================================================

Section Cross References

    elapsed_time.o(i.elapsed_time_clr) refers to elapsed_time.o(.bss) for elapsed_time_tbl
    elapsed_time.o(i.elapsed_time_init) refers to elapsed_time.o(i.elapsed_time_clr) for elapsed_time_clr
    elapsed_time.o(i.elapsed_time_start) refers to elapsed_time.o(.bss) for elapsed_time_tbl
    elapsed_time.o(i.elapsed_time_stop) refers to elapsed_time.o(.bss) for elapsed_time_tbl
    main.o(i.bit_bang_spi) refers to gpio.o(i.GPIO_OutSet) for GPIO_OutSet
    main.o(i.bit_bang_spi) refers to mxc_delay.o(i.mxc_delay) for mxc_delay
    main.o(i.bit_bang_spi) refers to gpio.o(i.GPIO_OutClr) for GPIO_OutClr
    main.o(i.bit_bang_spi) refers to elapsed_time.o(i.elapsed_time_start) for elapsed_time_start
    main.o(i.bit_bang_spi) refers to gpio.o(i.GPIO_InGet) for GPIO_InGet
    main.o(i.bit_bang_spi) refers to elapsed_time.o(i.elapsed_time_stop) for elapsed_time_stop
    main.o(i.bit_bang_spi) refers to main.o(.bss) for adc_spi_clk_out
    main.o(i.main) refers to printfa.o(i.__0printf) for __2printf
    main.o(i.main) refers to main.o(i.GPIO_SerialWireDebugDisable) for GPIO_SerialWireDebugDisable
    main.o(i.main) refers to gpio.o(i.GPIO_Config) for GPIO_Config
    main.o(i.main) refers to elapsed_time.o(i.elapsed_time_init) for elapsed_time_init
    main.o(i.main) refers to strcpy.o(.text) for strcpy
    main.o(i.main) refers to gpio.o(i.GPIO_OutClr) for GPIO_OutClr
    main.o(i.main) refers to gpio.o(i.GPIO_OutSet) for GPIO_OutSet
    main.o(i.main) refers to main.o(i.bit_bang_spi) for bit_bang_spi
    main.o(i.main) refers to main.o(i.print_binary) for print_binary
    main.o(i.main) refers to f2d.o(.text) for __aeabi_f2d
    main.o(i.main) refers to ddiv.o(.text) for __aeabi_ddiv
    main.o(i.main) refers to dmul.o(.text) for __aeabi_dmul
    main.o(i.main) refers to dadd.o(.text) for __aeabi_dadd
    main.o(i.main) refers to d2f.o(.text) for __aeabi_d2f
    main.o(i.main) refers to mxc_delay.o(i.mxc_delay) for mxc_delay
    main.o(i.main) refers to main.o(.bss) for adc_spi_cipo_in
    main.o(i.print_binary) refers to printfa.o(i.__0printf) for __2printf
    board.o(i.Board_Init) refers to system_max32660.o(i.SystemCoreClockUpdate) for SystemCoreClockUpdate
    board.o(i.Board_Init) refers to board.o(i.Console_Init) for Console_Init
    board.o(i.Board_Init) refers to pb.o(i.PB_Init) for PB_Init
    board.o(i.Board_Init) refers to led.o(i.LED_Init) for LED_Init
    board.o(i.Console_Init) refers to uart.o(i.UART_Init) for UART_Init
    board.o(i.Console_Init) refers to board.o(.constdata) for console_uart_sys_cfg
    board.o(i.Console_Init) refers to board.o(.data) for ConsoleUART
    board.o(i.Console_Shutdown) refers to uart.o(i.UART_Shutdown) for UART_Shutdown
    board.o(i.Console_Shutdown) refers to board.o(.data) for ConsoleUART
    board.o(i.mxc_assert) refers to printfa.o(i.__0printf) for __2printf
    led.o(i.LED_Init) refers to led.o(i.LED_Off) for LED_Off
    led.o(i.LED_Init) refers to gpio.o(i.GPIO_Config) for GPIO_Config
    led.o(i.LED_Init) refers to board.o(.constdata) for led_pin
    led.o(i.LED_Off) refers to gpio.o(i.GPIO_OutClr) for GPIO_OutClr
    led.o(i.LED_Off) refers to board.o(.constdata) for led_pin
    led.o(i.LED_On) refers to gpio.o(i.GPIO_OutSet) for GPIO_OutSet
    led.o(i.LED_On) refers to board.o(.constdata) for led_pin
    led.o(i.LED_Toggle) refers to gpio.o(i.GPIO_OutToggle) for GPIO_OutToggle
    led.o(i.LED_Toggle) refers to board.o(.constdata) for led_pin
    pb.o(i.GPIO0_IRQHandler) refers to gpio.o(i.GPIO_Handler) for GPIO_Handler
    pb.o(i.PB_Get) refers to gpio.o(i.GPIO_InGet) for GPIO_InGet
    pb.o(i.PB_Get) refers to board.o(.constdata) for pb_pin
    pb.o(i.PB_Init) refers to gpio.o(i.GPIO_Config) for GPIO_Config
    pb.o(i.PB_Init) refers to board.o(.constdata) for pb_pin
    pb.o(i.PB_IntClear) refers to gpio.o(i.GPIO_IntClr) for GPIO_IntClr
    pb.o(i.PB_IntClear) refers to board.o(.constdata) for pb_pin
    pb.o(i.PB_IntDisable) refers to gpio.o(i.GPIO_IntDisable) for GPIO_IntDisable
    pb.o(i.PB_IntDisable) refers to board.o(.constdata) for pb_pin
    pb.o(i.PB_IntEnable) refers to gpio.o(i.GPIO_IntEnable) for GPIO_IntEnable
    pb.o(i.PB_IntEnable) refers to board.o(.constdata) for pb_pin
    pb.o(i.PB_RegisterCallback) refers to gpio.o(i.GPIO_RegisterCallback) for GPIO_RegisterCallback
    pb.o(i.PB_RegisterCallback) refers to gpio.o(i.GPIO_IntConfig) for GPIO_IntConfig
    pb.o(i.PB_RegisterCallback) refers to gpio.o(i.GPIO_IntEnable) for GPIO_IntEnable
    pb.o(i.PB_RegisterCallback) refers to gpio.o(i.GPIO_IntDisable) for GPIO_IntDisable
    pb.o(i.PB_RegisterCallback) refers to board.o(.constdata) for pb_pin
    stdio.o(i.__backspace) refers to stdio.o(.data) for g_readChar
    stdio.o(i._ttywrch) refers to uart.o(i.UART_WriteByte) for UART_WriteByte
[...]
    printf1.o(i.__0vsprintf$1) refers to printf1.o(i._printf_core) for _printf_core
    printf1.o(i.__0vsprintf$1) refers to printf1.o(i._sputc) for _sputc
    printf1.o(i._printf_core) refers to uidiv.o(.text) for __aeabi_uidivmod
    printf2.o(i.__0fprintf$2) refers to printf2.o(i._printf_core) for _printf_core
    printf2.o(i.__0fprintf$2) refers to stdio.o(i.fputc) for fputc
    printf2.o(i.__0printf$2) refers to printf2.o(i._printf_core) for _printf_core
    printf2.o(i.__0printf$2) refers to stdio.o(i.fputc) for fputc
    printf2.o(i.__0printf$2) refers to stdio.o(.data) for __stdout
    printf2.o(i.__0snprintf$2) refers to printf2.o(i._printf_core) for _printf_core
    printf2.o(i.__0snprintf$2) refers to printf2.o(i._snputc) for _snputc
    printf2.o(i.__0sprintf$2) refers to printf2.o(i._printf_core) for _printf_core
    printf2.o(i.__0sprintf$2) refers to printf2.o(i._sputc) for _sputc
    printf2.o(i.__0vfprintf$2) refers to printf2.o(i._printf_core) for _printf_core
    printf2.o(i.__0vfprintf$2) refers to stdio.o(i.fputc) for fputc
    printf2.o(i.__0vprintf$2) refers to printf2.o(i._printf_core) for _printf_core
    printf2.o(i.__0vprintf$2) refers to stdio.o(i.fputc) for fputc
    printf2.o(i.__0vprintf$2) refers to stdio.o(.data) for __stdout
    printf2.o(i.__0vsnprintf$2) refers to printf2.o(i._printf_core) for _printf_core
    printf2.o(i.__0vsnprintf$2) refers to printf2.o(i._snputc) for _snputc
    printf2.o(i.__0vsprintf$2) refers to printf2.o(i._printf_core) for _printf_core
    printf2.o(i.__0vsprintf$2) refers to printf2.o(i._sputc) for _sputc
    printf3.o(i.__0fprintf$3) refers to printf3.o(i._printf_core) for _printf_core
    printf3.o(i.__0fprintf$3) refers to stdio.o(i.fputc) for fputc
    printf3.o(i.__0printf$3) refers to printf3.o(i._printf_core) for _printf_core
    printf3.o(i.__0printf$3) refers to stdio.o(i.fputc) for fputc
    printf3.o(i.__0printf$3) refers to stdio.o(.data) for __stdout
    printf3.o(i.__0snprintf$3) refers to printf3.o(i._printf_core) for _printf_core
    printf3.o(i.__0snprintf$3) refers to printf3.o(i._snputc) for _snputc
    printf3.o(i.__0sprintf$3) refers to printf3.o(i._printf_core) for _printf_core
    printf3.o(i.__0sprintf$3) refers to printf3.o(i._sputc) for _sputc
    printf3.o(i.__0vfprintf$3) refers to printf3.o(i._printf_core) for _printf_core
    printf3.o(i.__0vfprintf$3) refers to stdio.o(i.fputc) for fputc
    printf3.o(i.__0vprintf$3) refers to printf3.o(i._printf_core) for _printf_core
    printf3.o(i.__0vprintf$3) refers to stdio.o(i.fputc) for fputc
    printf3.o(i.__0vprintf$3) refers to stdio.o(.data) for __stdout
    printf3.o(i.__0vsnprintf$3) refers to printf3.o(i._printf_core) for _printf_core
    printf3.o(i.__0vsnprintf$3) refers to printf3.o(i._snputc) for _snputc
    printf3.o(i.__0vsprintf$3) refers to printf3.o(i._printf_core) for _printf_core
    printf3.o(i.__0vsprintf$3) refers to printf3.o(i._sputc) for _sputc
    printf3.o(i._printf_core) refers to uidiv.o(.text) for __aeabi_uidivmod
    printf4.o(i.__0fprintf$4) refers to printf4.o(i._printf_core) for _printf_core
    printf4.o(i.__0fprintf$4) refers to stdio.o(i.fputc) for fputc
    printf4.o(i.__0printf$4) refers to printf4.o(i._printf_core) for _printf_core
    printf4.o(i.__0printf$4) refers to stdio.o(i.fputc) for fputc
    printf4.o(i.__0printf$4) refers to stdio.o(.data) for __stdout
    printf4.o(i.__0snprintf$4) refers to printf4.o(i._printf_core) for _printf_core
    printf4.o(i.__0snprintf$4) refers to printf4.o(i._snputc) for _snputc
    printf4.o(i.__0sprintf$4) refers to printf4.o(i._printf_core) for _printf_core
    printf4.o(i.__0sprintf$4) refers to printf4.o(i._sputc) for _sputc
    printf4.o(i.__0vfprintf$4) refers to printf4.o(i._printf_core) for _printf_core
    printf4.o(i.__0vfprintf$4) refers to stdio.o(i.fputc) for fputc
    printf4.o(i.__0vprintf$4) refers to printf4.o(i._printf_core) for _printf_core
    printf4.o(i.__0vprintf$4) refers to stdio.o(i.fputc) for fputc
    printf4.o(i.__0vprintf$4) refers to stdio.o(.data) for __stdout
    printf4.o(i.__0vsnprintf$4) refers to printf4.o(i._printf_core) for _printf_core
    printf4.o(i.__0vsnprintf$4) refers to printf4.o(i._snputc) for _snputc
    printf4.o(i.__0vsprintf$4) refers to printf4.o(i._printf_core) for _printf_core
    printf4.o(i.__0vsprintf$4) refers to printf4.o(i._sputc) for _sputc
    printf4.o(i._printf_core) refers to uldiv.o(.text) for __aeabi_uldivmod
    printf5.o(i.__0fprintf$5) refers to printf5.o(i._printf_core) for _printf_core
    printf5.o(i.__0fprintf$5) refers to stdio.o(i.fputc) for fputc
    printf5.o(i.__0printf$5) refers to printf5.o(i._printf_core) for _printf_core
    printf5.o(i.__0printf$5) refers to stdio.o(i.fputc) for fputc
    printf5.o(i.__0printf$5) refers to stdio.o(.data) for __stdout
    printf5.o(i.__0snprintf$5) refers to printf5.o(i._printf_core) for _printf_core
    printf5.o(i.__0snprintf$5) refers to printf5.o(i._snputc) for _snputc
    printf5.o(i.__0sprintf$5) refers to printf5.o(i._printf_core) for _printf_core
    printf5.o(i.__0sprintf$5) refers to printf5.o(i._sputc) for _sputc
    printf5.o(i.__0vfprintf$5) refers to printf5.o(i._printf_core) for _printf_core
    printf5.o(i.__0vfprintf$5) refers to stdio.o(i.fputc) for fputc
    printf5.o(i.__0vprintf$5) refers to printf5.o(i._printf_core) for _printf_core
    printf5.o(i.__0vprintf$5) refers to stdio.o(i.fputc) for fputc
    printf5.o(i.__0vprintf$5) refers to stdio.o(.data) for __stdout
    printf5.o(i.__0vsnprintf$5) refers to printf5.o(i._printf_core) for _printf_core
    printf5.o(i.__0vsnprintf$5) refers to printf5.o(i._snputc) for _snputc
    printf5.o(i.__0vsprintf$5) refers to printf5.o(i._printf_core) for _printf_core
    printf5.o(i.__0vsprintf$5) refers to printf5.o(i._sputc) for _sputc
    printf5.o(i._printf_core) refers to uldiv.o(.text) for __aeabi_uldivmod
    printf6.o(i.__0fprintf$6) refers to printf6.o(i._printf_core) for _printf_core
    printf6.o(i.__0fprintf$6) refers to stdio.o(i.fputc) for fputc
    printf6.o(i.__0printf$6) refers to printf6.o(i._printf_core) for _printf_core
    printf6.o(i.__0printf$6) refers to stdio.o(i.fputc) for fputc
    printf6.o(i.__0printf$6) refers to stdio.o(.data) for __stdout
    printf6.o(i.__0snprintf$6) refers to printf6.o(i._printf_core) for _printf_core
    printf6.o(i.__0snprintf$6) refers to printf6.o(i._snputc) for _snputc
    printf6.o(i.__0sprintf$6) refers to printf6.o(i._printf_core) for _printf_core
    printf6.o(i.__0sprintf$6) refers to printf6.o(i._sputc) for _sputc
    printf6.o(i.__0vfprintf$6) refers to printf6.o(i._printf_core) for _printf_core
    printf6.o(i.__0vfprintf$6) refers to stdio.o(i.fputc) for fputc
    printf6.o(i.__0vprintf$6) refers to printf6.o(i._printf_core) for _printf_core
    printf6.o(i.__0vprintf$6) refers to stdio.o(i.fputc) for fputc
    printf6.o(i.__0vprintf$6) refers to stdio.o(.data) for __stdout
    printf6.o(i.__0vsnprintf$6) refers to printf6.o(i._printf_core) for _printf_core
    printf6.o(i.__0vsnprintf$6) refers to printf6.o(i._snputc) for _snputc
    printf6.o(i.__0vsprintf$6) refers to printf6.o(i._printf_core) for _printf_core
    printf6.o(i.__0vsprintf$6) refers to printf6.o(i._sputc) for _sputc
    printf6.o(i._printf_core) refers to printf6.o(i._printf_pre_padding) for _printf_pre_padding
    printf6.o(i._printf_core) refers to uidiv.o(.text) for __aeabi_uidivmod
    printf6.o(i._printf_core) refers to printf6.o(i._printf_post_padding) for _printf_post_padding
    printf7.o(i.__0fprintf$7) refers to printf7.o(i._printf_core) for _printf_core
    printf7.o(i.__0fprintf$7) refers to stdio.o(i.fputc) for fputc
    printf7.o(i.__0printf$7) refers to printf7.o(i._printf_core) for _printf_core
    printf7.o(i.__0printf$7) refers to stdio.o(i.fputc) for fputc
    printf7.o(i.__0printf$7) refers to stdio.o(.data) for __stdout
    printf7.o(i.__0snprintf$7) refers to printf7.o(i._printf_core) for _printf_core
    printf7.o(i.__0snprintf$7) refers to printf7.o(i._snputc) for _snputc
    printf7.o(i.__0sprintf$7) refers to printf7.o(i._printf_core) for _printf_core
    printf7.o(i.__0sprintf$7) refers to printf7.o(i._sputc) for _sputc
    printf7.o(i.__0vfprintf$7) refers to printf7.o(i._printf_core) for _printf_core
    printf7.o(i.__0vfprintf$7) refers to stdio.o(i.fputc) for fputc
    printf7.o(i.__0vprintf$7) refers to printf7.o(i._printf_core) for _printf_core
    printf7.o(i.__0vprintf$7) refers to stdio.o(i.fputc) for fputc
    printf7.o(i.__0vprintf$7) refers to stdio.o(.data) for __stdout
    printf7.o(i.__0vsnprintf$7) refers to printf7.o(i._printf_core) for _printf_core
    printf7.o(i.__0vsnprintf$7) refers to printf7.o(i._snputc) for _snputc
    printf7.o(i.__0vsprintf$7) refers to printf7.o(i._printf_core) for _printf_core
    printf7.o(i.__0vsprintf$7) refers to printf7.o(i._sputc) for _sputc
    printf7.o(i._printf_core) refers to printf7.o(i._printf_pre_padding) for _printf_pre_padding
    printf7.o(i._printf_core) refers to uldiv.o(.text) for __aeabi_uldivmod
    printf7.o(i._printf_core) refers to printf7.o(i._printf_post_padding) for _printf_post_padding
    printf8.o(i.__0fprintf$8) refers to printf8.o(i._printf_core) for _printf_core
    printf8.o(i.__0fprintf$8) refers to stdio.o(i.fputc) for fputc
    printf8.o(i.__0printf$8) refers to printf8.o(i._printf_core) for _printf_core
    printf8.o(i.__0printf$8) refers to stdio.o(i.fputc) for fputc
    printf8.o(i.__0printf$8) refers to stdio.o(.data) for __stdout
    printf8.o(i.__0snprintf$8) refers to printf8.o(i._printf_core) for _printf_core
    printf8.o(i.__0snprintf$8) refers to printf8.o(i._snputc) for _snputc
    printf8.o(i.__0sprintf$8) refers to printf8.o(i._printf_core) for _printf_core
    printf8.o(i.__0sprintf$8) refers to printf8.o(i._sputc) for _sputc
    printf8.o(i.__0vfprintf$8) refers to printf8.o(i._printf_core) for _printf_core
    printf8.o(i.__0vfprintf$8) refers to stdio.o(i.fputc) for fputc
    printf8.o(i.__0vprintf$8) refers to printf8.o(i._printf_core) for _printf_core
    printf8.o(i.__0vprintf$8) refers to stdio.o(i.fputc) for fputc
    printf8.o(i.__0vprintf$8) refers to stdio.o(.data) for __stdout
    printf8.o(i.__0vsnprintf$8) refers to printf8.o(i._printf_core) for _printf_core
    printf8.o(i.__0vsnprintf$8) refers to printf8.o(i._snputc) for _snputc
    printf8.o(i.__0vsprintf$8) refers to printf8.o(i._printf_core) for _printf_core
    printf8.o(i.__0vsprintf$8) refers to printf8.o(i._sputc) for _sputc
    printf8.o(i._printf_core) refers to printf8.o(i._printf_pre_padding) for _printf_pre_padding
    printf8.o(i._printf_core) refers to uldiv.o(.text) for __aeabi_uldivmod
    printf8.o(i._printf_core) refers to printf8.o(i._printf_post_padding) for _printf_post_padding
    printfa.o(i.__0fprintf) refers (Special) to iusefp.o(.text) for __I$use$fp
    printfa.o(i.__0fprintf) refers to printfa.o(i._printf_core) for _printf_core
    printfa.o(i.__0fprintf) refers to stdio.o(i.fputc) for fputc
    printfa.o(i.__0printf) refers (Special) to iusefp.o(.text) for __I$use$fp
    printfa.o(i.__0printf) refers to printfa.o(i._printf_core) for _printf_core
    printfa.o(i.__0printf) refers to stdio.o(i.fputc) for fputc
    printfa.o(i.__0printf) refers to stdio.o(.data) for __stdout
    printfa.o(i.__0snprintf) refers (Special) to iusefp.o(.text) for __I$use$fp
    printfa.o(i.__0snprintf) refers to printfa.o(i._printf_core) for _printf_core
    printfa.o(i.__0snprintf) refers to printfa.o(i._snputc) for _snputc
    printfa.o(i.__0sprintf) refers (Special) to iusefp.o(.text) for __I$use$fp
    printfa.o(i.__0sprintf) refers to printfa.o(i._printf_core) for _printf_core
    printfa.o(i.__0sprintf) refers to printfa.o(i._sputc) for _sputc
    printfa.o(i.__0vfprintf) refers (Special) to iusefp.o(.text) for __I$use$fp
    printfa.o(i.__0vfprintf) refers to printfa.o(i._printf_core) for _printf_core
    printfa.o(i.__0vfprintf) refers to stdio.o(i.fputc) for fputc
    printfa.o(i.__0vprintf) refers (Special) to iusefp.o(.text) for __I$use$fp
    printfa.o(i.__0vprintf) refers to printfa.o(i._printf_core) for _printf_core
    printfa.o(i.__0vprintf) refers to stdio.o(i.fputc) for fputc
    printfa.o(i.__0vprintf) refers to stdio.o(.data) for __stdout
    printfa.o(i.__0vsnprintf) refers (Special) to iusefp.o(.text) for __I$use$fp
    printfa.o(i.__0vsnprintf) refers to printfa.o(i._printf_core) for _printf_core
    printfa.o(i.__0vsnprintf) refers to printfa.o(i._snputc) for _snputc
    printfa.o(i.__0vsprintf) refers (Special) to iusefp.o(.text) for __I$use$fp
    printfa.o(i.__0vsprintf) refers to printfa.o(i._printf_core) for _printf_core
    printfa.o(i.__0vsprintf) refers to printfa.o(i._sputc) for _sputc
    printfa.o(i._fp_digits) refers (Special) to iusefp.o(.text) for __I$use$fp
    printfa.o(i._fp_digits) refers to dmul.o(.text) for __aeabi_dmul
    printfa.o(i._fp_digits) refers to ddiv.o(.text) for __aeabi_ddiv
    printfa.o(i._fp_digits) refers to cdrcmple.o(.text) for __aeabi_cdrcmple
    printfa.o(i._fp_digits) refers to dadd.o(.text) for __aeabi_dadd
    printfa.o(i._fp_digits) refers to dfixul.o(.text) for __aeabi_d2ulz
    printfa.o(i._fp_digits) refers to uldiv.o(.text) for __aeabi_uldivmod
    printfa.o(i._printf_core) refers (Special) to iusefp.o(.text) for __I$use$fp
    printfa.o(i._printf_core) refers to printfa.o(i._printf_pre_padding) for _printf_pre_padding
    printfa.o(i._printf_core) refers to uldiv.o(.text) for __aeabi_uldivmod
    printfa.o(i._printf_core) refers to printfa.o(i._printf_post_padding) for _printf_post_padding
    printfa.o(i._printf_core) refers to printfa.o(i._fp_digits) for _fp_digits
    printfa.o(i._printf_core) refers to uidiv.o(.text) for __aeabi_uidivmod
    printfa.o(i._printf_post_padding) refers (Special) to iusefp.o(.text) for __I$use$fp
    printfa.o(i._printf_pre_padding) refers (Special) to iusefp.o(.text) for __I$use$fp
    printfa.o(i._snputc) refers (Special) to iusefp.o(.text) for __I$use$fp
    printfa.o(i._sputc) refers (Special) to iusefp.o(.text) for __I$use$fp
    dadd.o(.text) refers (Special) to iusefp.o(.text) for __I$use$fp
    dadd.o(.text) refers to llshl.o(.text) for __aeabi_llsl
    dadd.o(.text) refers to llsshr.o(.text) for __aeabi_lasr
    dadd.o(.text) refers to depilogue.o(.text) for _double_epilogue
    dmul.o(.text) refers (Special) to iusefp.o(.text) for __I$use$fp
    dmul.o(.text) refers to depilogue.o(.text) for _double_epilogue
    ddiv.o(.text) refers (Special) to iusefp.o(.text) for __I$use$fp
    ddiv.o(.text) refers to depilogue.o(.text) for _double_round
    f2d.o(.text) refers (Special) to iusefp.o(.text) for __I$use$fp
    d2f.o(.text) refers (Special) to iusefp.o(.text) for __I$use$fp
    d2f.o(.text) refers to fepilogue.o(.text) for _float_round
    entry2.o(.ARM.Collect$$$$00000001) refers to entry2.o(.ARM.Collect$$$$00002712) for __lit__00000000
    entry2.o(.ARM.Collect$$$$00002712) refers to startup_max32660.o(STACK) for __initial_sp
    entry2.o(__vectab_stack_and_reset_area) refers to startup_max32660.o(STACK) for __initial_sp
    entry2.o(__vectab_stack_and_reset_area) refers to entry.o(.ARM.Collect$$$$00000000) for __main
    entry9a.o(.ARM.Collect$$$$0000000B) refers to main.o(i.main) for main
    entry9b.o(.ARM.Collect$$$$0000000C) refers to main.o(i.main) for main
    init.o(.text) refers to system_max32660.o(i.$Sub$$__main_after_scatterload) for __main_after_scatterload
    depilogue.o(.text) refers to llshl.o(.text) for __aeabi_llsl
    depilogue.o(.text) refers to llushr.o(.text) for __aeabi_llsr
    dfixul.o(.text) refers to llushr.o(.text) for __aeabi_llsr
    dfixul.o(.text) refers to llshl.o(.text) for __aeabi_llsl


==============================================================================

Removing Unused input sections from the image.

    Removing main.o(.rev16_text), (4 bytes).
    Removing main.o(.revsh_text), (4 bytes).
    Removing main.o(.rrx_text), (6 bytes).
    Removing board.o(.rev16_text), (4 bytes).
    Removing board.o(.revsh_text), (4 bytes).
    Removing board.o(.rrx_text), (6 bytes).
    Removing board.o(i.Console_Shutdown), (28 bytes).
    Removing board.o(i.mxc_assert), (52 bytes).
    Removing led.o(.rev16_text), (4 bytes).
    Removing led.o(.revsh_text), (4 bytes).
    Removing led.o(.rrx_text), (6 bytes).
    Removing led.o(i.LED_On), (24 bytes).
    Removing led.o(i.LED_Toggle), (24 bytes).
    Removing pb.o(.rev16_text), (4 bytes).
    Removing pb.o(.revsh_text), (4 bytes).
    Removing pb.o(.rrx_text), (6 bytes).
    Removing pb.o(i.PB_Get), (32 bytes).
    Removing pb.o(i.PB_IntClear), (24 bytes).
    Removing pb.o(i.PB_IntDisable), (24 bytes).
    Removing pb.o(i.PB_IntEnable), (24 bytes).
    Removing pb.o(i.PB_RegisterCallback), (156 bytes).
    Removing stdio.o(.rev16_text), (4 bytes).
    Removing stdio.o(.revsh_text), (4 bytes).
    Removing stdio.o(.rrx_text), (6 bytes).
    Removing stdio.o(i.__backspace), (28 bytes).
    Removing stdio.o(i._sys_exit), (4 bytes).
    Removing stdio.o(i._ttywrch), (40 bytes).
    Removing stdio.o(i.ferror), (16 bytes).
    Removing stdio.o(i.fgetc), (40 bytes).
    Removing i2c.o(.rev16_text), (4 bytes).
    Removing i2c.o(.revsh_text), (4 bytes).
    Removing i2c.o(.rrx_text), (6 bytes).
    Removing i2c.o(i.I2C_AbortAsync), (80 bytes).
    Removing i2c.o(i.I2C_ClearTimeout), (6 bytes).
    Removing i2c.o(i.I2C_DrainRX), (10 bytes).
    Removing i2c.o(i.I2C_DrainTX), (10 bytes).
    Removing i2c.o(i.I2C_FreeCallback), (40 bytes).
    Removing i2c.o(i.I2C_Handler), (40 bytes).
    Removing i2c.o(i.I2C_Init), (384 bytes).
    Removing i2c.o(i.I2C_MasterAsync), (172 bytes).
    Removing i2c.o(i.I2C_MasterHandler), (540 bytes).
    Removing i2c.o(i.I2C_MasterRead), (228 bytes).
    Removing i2c.o(i.I2C_MasterWrite), (220 bytes).
    Removing i2c.o(i.I2C_Recover), (24 bytes).
    Removing i2c.o(i.I2C_SetTimeout), (48 bytes).
    Removing i2c.o(i.I2C_Setspeed), (248 bytes).
    Removing i2c.o(i.I2C_Shutdown), (120 bytes).
    Removing i2c.o(i.I2C_Slave), (628 bytes).
    Removing i2c.o(i.I2C_SlaveAsync), (120 bytes).
    Removing i2c.o(i.I2C_SlaveHandler), (540 bytes).
    Removing i2c.o(.bss), (16 bytes).
    Removing spi.o(.rev16_text), (4 bytes).
    Removing spi.o(.revsh_text), (4 bytes).
    Removing spi.o(.rrx_text), (6 bytes).
    Removing spi.o(i.SPI_AbortAsync), (48 bytes).
    Removing spi.o(i.SPI_Clear_fifo), (44 bytes).
    Removing spi.o(i.SPI_Disable), (44 bytes).
    Removing spi.o(i.SPI_Enable), (44 bytes).
    Removing spi.o(i.SPI_Handler), (48 bytes).
    Removing spi.o(i.SPI_Init), (104 bytes).
    Removing spi.o(i.SPI_MasterTrans), (60 bytes).
    Removing spi.o(i.SPI_MasterTransAsync), (60 bytes).
    Removing spi.o(i.SPI_Shutdown), (56 bytes).
    Removing spi.o(i.SPI_SlaveTrans), (60 bytes).
    Removing spi.o(i.SPI_SlaveTransAsync), (60 bytes).
    Removing spi17y.o(.rev16_text), (4 bytes).
    Removing spi17y.o(.revsh_text), (4 bytes).
    Removing spi17y.o(.rrx_text), (6 bytes).
    Removing spi17y.o(i.SPI17Y_AbortAsync), (112 bytes).
    Removing spi17y.o(i.SPI17Y_Clear_fifo), (10 bytes).
    Removing spi17y.o(i.SPI17Y_Disable), (10 bytes).
    Removing spi17y.o(i.SPI17Y_Enable), (10 bytes).
    Removing spi17y.o(i.SPI17Y_Handler), (156 bytes).
    Removing spi17y.o(i.SPI17Y_Init), (212 bytes).
    Removing spi17y.o(i.SPI17Y_MasterTrans), (60 bytes).
    Removing spi17y.o(i.SPI17Y_MasterTransAsync), (38 bytes).
    Removing spi17y.o(i.SPI17Y_MasterTransHandler), (104 bytes).
    Removing spi17y.o(i.SPI17Y_Shutdown), (128 bytes).
    Removing spi17y.o(i.SPI17Y_SlaveTrans), (48 bytes).
    Removing spi17y.o(i.SPI17Y_SlaveTransAsync), (38 bytes).
    Removing spi17y.o(i.SPI17Y_SlaveTransHandler), (20 bytes).
    Removing spi17y.o(i.SPI17Y_TransHandler), (556 bytes).
    Removing spi17y.o(i.SPI17Y_TransSetup), (524 bytes).
    Removing spi17y.o(.bss), (64 bytes).
    Removing spimss.o(.rev16_text), (4 bytes).
    Removing spimss.o(.revsh_text), (4 bytes).
    Removing spimss.o(.rrx_text), (6 bytes).
    Removing spimss.o(i.SPIMSS_AbortAsync), (100 bytes).
    Removing spimss.o(i.SPIMSS_Handler), (108 bytes).
    Removing spimss.o(i.SPIMSS_Init), (160 bytes).
    Removing spimss.o(i.SPIMSS_MasterTrans), (78 bytes).
    Removing spimss.o(i.SPIMSS_MasterTransAsync), (70 bytes).
    Removing spimss.o(i.SPIMSS_MasterTransHandler), (30 bytes).
    Removing spimss.o(i.SPIMSS_Shutdown), (108 bytes).
    Removing spimss.o(i.SPIMSS_SlaveTrans), (70 bytes).
    Removing spimss.o(i.SPIMSS_SlaveTransAsync), (62 bytes).
    Removing spimss.o(i.SPIMSS_SlaveTransHandler), (16 bytes).
    Removing spimss.o(i.SPIMSS_TransHandler), (452 bytes).
    Removing spimss.o(i.SPIMSS_TransSetup), (184 bytes).
    Removing spimss.o(.data), (4 bytes).
    Removing uart.o(.rev16_text), (4 bytes).
    Removing uart.o(.revsh_text), (4 bytes).
    Removing uart.o(.rrx_text), (6 bytes).
    Removing uart.o(i.UART_AbortAsync), (232 bytes).
    Removing uart.o(i.UART_Busy), (88 bytes).
    Removing uart.o(i.UART_ClearFlags), (4 bytes).
    Removing uart.o(i.UART_Disable), (10 bytes).
    Removing uart.o(i.UART_DrainRX), (10 bytes).
    Removing uart.o(i.UART_DrainTX), (10 bytes).
    Removing uart.o(i.UART_Enable), (10 bytes).
    Removing uart.o(i.UART_GetFlags), (6 bytes).
    Removing uart.o(i.UART_Handler), (104 bytes).
    Removing uart.o(i.UART_NumReadAvail), (10 bytes).
    Removing uart.o(i.UART_NumWriteAvail), (14 bytes).
    Removing uart.o(i.UART_PrepForSleep), (30 bytes).
    Removing uart.o(i.UART_Read), (212 bytes).
    Removing uart.o(i.UART_ReadAsync), (164 bytes).
    Removing uart.o(i.UART_ReadByte), (20 bytes).
    Removing uart.o(i.UART_ReadHandler), (208 bytes).
    Removing uart.o(i.UART_Shutdown), (184 bytes).
    Removing uart.o(i.UART_Write), (148 bytes).
    Removing uart.o(i.UART_WriteAsync), (144 bytes).
    Removing uart.o(i.UART_WriteHandler), (136 bytes).
    Removing uart.o(i.uart_error_check), (10 bytes).
    Removing uart.o(i.uart_error_clear), (14 bytes).
    Removing flc.o(.rev16_text), (4 bytes).
    Removing flc.o(.revsh_text), (4 bytes).
    Removing flc.o(.rrx_text), (6 bytes).
    Removing flc.o(.flashprog), (1256 bytes).
    Removing flc.o(i.FLC_ClearFlags), (32 bytes).
    Removing flc.o(i.FLC_DisableInt), (44 bytes).
    Removing flc.o(i.FLC_EnableInt), (44 bytes).
    Removing flc.o(i.FLC_GetFlags), (16 bytes).
    Removing flc.o(i.FLC_LockInfoBlock), (20 bytes).
    Removing flc.o(i.FLC_UnlockInfoBlock), (36 bytes).
    Removing icc.o(.rev16_text), (4 bytes).
    Removing icc.o(.revsh_text), (4 bytes).
    Removing icc.o(.rrx_text), (6 bytes).
    Removing icc.o(i.ICC_Disable), (24 bytes).
    Removing icc.o(i.ICC_Enable), (48 bytes).
    Removing icc.o(i.ICC_Flush), (12 bytes).
    Removing icc.o(i.ICC_ID), (56 bytes).
    Removing icc.o(i.ICC_Ready), (16 bytes).
    Removing lp.o(.rev16_text), (4 bytes).
    Removing lp.o(.revsh_text), (4 bytes).
    Removing lp.o(.rrx_text), (6 bytes).
    Removing lp.o(i.LP_ClearWakeStatus), (32 bytes).
    Removing lp.o(i.LP_DisableBandGap), (20 bytes).
    Removing lp.o(i.LP_DisableBlockDetect), (20 bytes).
    Removing lp.o(i.LP_DisableFastWk), (20 bytes).
    Removing lp.o(i.LP_DisableGPIOWakeup), (48 bytes).
    Removing lp.o(i.LP_DisableICacheLightSleep), (18 bytes).
    Removing lp.o(i.LP_DisableLDO), (20 bytes).
    Removing lp.o(i.LP_DisableRTCAlarmWakeup), (18 bytes).
    Removing lp.o(i.LP_DisableRamRetReg), (20 bytes).
    Removing lp.o(i.LP_DisableSRAM0), (20 bytes).
    Removing lp.o(i.LP_DisableSRAM1), (20 bytes).
    Removing lp.o(i.LP_DisableSRAM2), (20 bytes).
    Removing lp.o(i.LP_DisableSRAM3), (20 bytes).
    Removing lp.o(i.LP_DisableSRamRet0), (20 bytes).
    Removing lp.o(i.LP_DisableSRamRet1), (20 bytes).
    Removing lp.o(i.LP_DisableSRamRet2), (20 bytes).
    Removing lp.o(i.LP_DisableSRamRet3), (20 bytes).
    Removing lp.o(i.LP_DisableSysRAM0LightSleep), (18 bytes).
    Removing lp.o(i.LP_DisableSysRAM1LightSleep), (18 bytes).
    Removing lp.o(i.LP_DisableSysRAM2LightSleep), (18 bytes).
    Removing lp.o(i.LP_DisableSysRAM3LightSleep), (18 bytes).
    Removing lp.o(i.LP_DisableVCorePORSignal), (20 bytes).
    Removing lp.o(i.LP_DisableVCoreSVM), (20 bytes).
    Removing lp.o(i.LP_DisableVDDIOPorMonitor), (20 bytes).
    Removing lp.o(i.LP_EnableBandGap), (20 bytes).
    Removing lp.o(i.LP_EnableBlockDetect), (20 bytes).
    Removing lp.o(i.LP_EnableFastWk), (20 bytes).
    Removing lp.o(i.LP_EnableGPIOWakeup), (44 bytes).
    Removing lp.o(i.LP_EnableICacheLightSleep), (18 bytes).
    Removing lp.o(i.LP_EnableLDO), (20 bytes).
    Removing lp.o(i.LP_EnableRTCAlarmWakeup), (18 bytes).
    Removing lp.o(i.LP_EnableRamRetReg), (20 bytes).
    Removing lp.o(i.LP_EnableSRAM0), (20 bytes).
    Removing lp.o(i.LP_EnableSRAM1), (20 bytes).
    Removing lp.o(i.LP_EnableSRAM2), (20 bytes).
    Removing lp.o(i.LP_EnableSRAM3), (20 bytes).
    Removing lp.o(i.LP_EnableSRamRet0), (20 bytes).
    Removing lp.o(i.LP_EnableSRamRet1), (20 bytes).
    Removing lp.o(i.LP_EnableSRamRet2), (20 bytes).
    Removing lp.o(i.LP_EnableSRamRet3), (20 bytes).
    Removing lp.o(i.LP_EnableSysRAM0LightSleep), (18 bytes).
    Removing lp.o(i.LP_EnableSysRAM1LightSleep), (18 bytes).
    Removing lp.o(i.LP_EnableSysRAM2LightSleep), (18 bytes).
    Removing lp.o(i.LP_EnableSysRAM3LightSleep), (18 bytes).
    Removing lp.o(i.LP_EnableVCorePORSignal), (20 bytes).
    Removing lp.o(i.LP_EnableVCoreSVM), (20 bytes).
    Removing lp.o(i.LP_EnableVDDIOPorMonitoF), (20 bytes).
    Removing lp.o(i.LP_EnterBackupMode), (30 bytes).
    Removing lp.o(i.LP_EnterDeepSleepMode), (32 bytes).
    Removing lp.o(i.LP_EnterShutdownMode), (30 bytes).
    Removing lp.o(i.LP_EnterSleepMode), (20 bytes).
    Removing lp.o(i.LP_SetOperatingVoltage), (312 bytes).
    Removing mxc_assert.o(.rev16_text), (4 bytes).
    Removing mxc_assert.o(.revsh_text), (4 bytes).
    Removing mxc_assert.o(.rrx_text), (6 bytes).
    Removing mxc_assert.o(i.mxc_assert), (4 bytes).
    Removing mxc_delay.o(.rev16_text), (4 bytes).
    Removing mxc_delay.o(.revsh_text), (4 bytes).
    Removing mxc_delay.o(.rrx_text), (6 bytes).
    Removing mxc_lock.o(.rev16_text), (4 bytes).
    Removing mxc_lock.o(.revsh_text), (4 bytes).
    Removing mxc_lock.o(.rrx_text), (6 bytes).
    Removing mxc_lock.o(i.mxc_free_lock), (10 bytes).
    Removing mxc_lock.o(i.mxc_get_lock), (32 bytes).
    Removing mxc_pins.o(.rev16_text), (4 bytes).
    Removing mxc_pins.o(.revsh_text), (4 bytes).
    Removing mxc_pins.o(.rrx_text), (6 bytes).
    Removing mxc_sys.o(.rev16_text), (4 bytes).
    Removing mxc_sys.o(.revsh_text), (4 bytes).
    Removing mxc_sys.o(.rrx_text), (6 bytes).
    Removing mxc_sys.o(i.SYS_ClockDisable_X32K), (20 bytes).
    Removing mxc_sys.o(i.SYS_ClockEnable_X32K), (22 bytes).
    Removing mxc_sys.o(i.SYS_DMA_Init), (12 bytes).
    Removing mxc_sys.o(i.SYS_DMA_Shutdown), (12 bytes).
    Removing mxc_sys.o(i.SYS_FLC_Init), (6 bytes).
    Removing mxc_sys.o(i.SYS_FLC_Shutdown), (4 bytes).
    Removing mxc_sys.o(i.SYS_Flash_Operation), (56 bytes).
    Removing mxc_sys.o(i.SYS_I2C_GetFreq), (16 bytes).
    Removing mxc_sys.o(i.SYS_I2C_Init), (76 bytes).
    Removing mxc_sys.o(i.SYS_I2C_Shutdown), (116 bytes).
    Removing mxc_sys.o(i.SYS_I2S_GetFreq), (16 bytes).
    Removing mxc_sys.o(i.SYS_I2S_Init), (56 bytes).
    Removing mxc_sys.o(i.SYS_I2S_Shutdown), (12 bytes).
    Removing mxc_sys.o(i.SYS_RTC_SqwavInit), (20 bytes).
    Removing mxc_sys.o(i.SYS_Reset0), (20 bytes).
    Removing mxc_sys.o(i.SYS_Reset1), (20 bytes).
    Removing mxc_sys.o(i.SYS_SPI17Y_Init), (76 bytes).
    Removing mxc_sys.o(i.SYS_SPI17Y_Shutdown), (24 bytes).
    Removing mxc_sys.o(i.SYS_SPIMSS_Init), (72 bytes).
    Removing mxc_sys.o(i.SYS_SPIMSS_Shutdown), (24 bytes).
    Removing mxc_sys.o(i.SYS_SysTick_Config), (148 bytes).
    Removing mxc_sys.o(i.SYS_SysTick_Delay), (248 bytes).
    Removing mxc_sys.o(i.SYS_SysTick_DelayUs), (40 bytes).
    Removing mxc_sys.o(i.SYS_SysTick_Disable), (10 bytes).
    Removing mxc_sys.o(i.SYS_SysTick_GetFreq), (40 bytes).
    Removing mxc_sys.o(i.SYS_TMR_GetFreq), (16 bytes).
    Removing mxc_sys.o(i.SYS_TMR_Init), (92 bytes).
    Removing mxc_sys.o(i.SYS_TMR_Shutdown), (6 bytes).
    Removing mxc_sys.o(i.SYS_UART_Shutdown), (44 bytes).
    Removing mxc_sys.o(i.SYS_WDT_Init), (6 bytes).
    Removing mxc_sys.o(i.__NVIC_SetPriority), (40 bytes).
    Removing nvic_table.o(.rev16_text), (4 bytes).
    Removing nvic_table.o(.revsh_text), (4 bytes).
    Removing nvic_table.o(.rrx_text), (6 bytes).
    Removing nvic_table.o(i.NVIC_GetVector), (20 bytes).
    Removing nvic_table.o(i.NVIC_SetRAM), (36 bytes).
    Removing nvic_table.o(i.NVIC_SetVector), (76 bytes).
    Removing nvic_table.o(.bss), (284 bytes).
    Removing startup_max32660.o(HEAP), (3072 bytes).
    Removing system_max32660.o(.rev16_text), (4 bytes).
    Removing system_max32660.o(.revsh_text), (4 bytes).
    Removing system_max32660.o(.rrx_text), (6 bytes).
    Removing system_max32660.o(i.Board_Init), (4 bytes).
    Removing gpio.o(.rev16_text), (4 bytes).
    Removing gpio.o(.revsh_text), (4 bytes).
    Removing gpio.o(.rrx_text), (6 bytes).
    Removing gpio.o(i.GPIO_Init), (48 bytes).
    Removing gpio.o(i.GPIO_IntClr), (24 bytes).
    Removing gpio.o(i.GPIO_IntConfig), (128 bytes).
    Removing gpio.o(i.GPIO_IntDisable), (24 bytes).
    Removing gpio.o(i.GPIO_IntEnable), (24 bytes).
    Removing gpio.o(i.GPIO_IntStatus), (28 bytes).
    Removing gpio.o(i.GPIO_OutGet), (28 bytes).
    Removing gpio.o(i.GPIO_OutPut), (32 bytes).
    Removing gpio.o(i.GPIO_OutToggle), (28 bytes).
    Removing gpio.o(i.GPIO_RegisterCallback), (68 bytes).
    Removing rtc.o(.rev16_text), (4 bytes).
    Removing rtc.o(.revsh_text), (4 bytes).
    Removing rtc.o(.rrx_text), (6 bytes).
    Removing rtc.o(i.RTC_CheckBusy), (52 bytes).
    Removing rtc.o(i.RTC_ClearFlags), (40 bytes).
    Removing rtc.o(i.RTC_DisableRTCE), (68 bytes).
    Removing rtc.o(i.RTC_DisableSubsecondInterrupt), (40 bytes).
    Removing rtc.o(i.RTC_DisableTimeofdayInterrupt), (40 bytes).
    Removing rtc.o(i.RTC_EnableRTCE), (68 bytes).
    Removing rtc.o(i.RTC_EnableSubsecondInterrupt), (28 bytes).
    Removing rtc.o(i.RTC_EnableTimeofdayInterrupt), (28 bytes).
    Removing rtc.o(i.RTC_GetFlags), (16 bytes).
    Removing rtc.o(i.RTC_GetSecond), (12 bytes).
    Removing rtc.o(i.RTC_GetSubSecond), (12 bytes).
    Removing rtc.o(i.RTC_GetTime), (88 bytes).
    Removing rtc.o(i.RTC_Init), (126 bytes).
    Removing rtc.o(i.RTC_IsEnabled), (16 bytes).
    Removing rtc.o(i.RTC_SetSubsecondAlarm), (56 bytes).
    Removing rtc.o(i.RTC_SetTimeofdayAlarm), (60 bytes).
    Removing rtc.o(i.RTC_SquareWave), (218 bytes).
    Removing rtc.o(i.RTC_Trim), (70 bytes).
    Removing tmr.o(.rev16_text), (4 bytes).
    Removing tmr.o(.revsh_text), (4 bytes).
    Removing tmr.o(.rrx_text), (6 bytes).
    Removing tmr.o(i.TMR_Config), (42 bytes).
    Removing tmr.o(i.TMR_Disable), (10 bytes).
    Removing tmr.o(i.TMR_Enable), (10 bytes).
    Removing tmr.o(i.TMR_GetCapture), (6 bytes).
    Removing tmr.o(i.TMR_GetCompare), (6 bytes).
    Removing tmr.o(i.TMR_GetCount), (6 bytes).
    Removing tmr.o(i.TMR_GetTicks), (196 bytes).
    Removing tmr.o(i.TMR_GetTime), (380 bytes).
    Removing tmr.o(i.TMR_Init), (42 bytes).
    Removing tmr.o(i.TMR_IntClear), (6 bytes).
    Removing tmr.o(i.TMR_IntStatus), (6 bytes).
    Removing tmr.o(i.TMR_PWMConfig), (54 bytes).
    Removing tmr.o(i.TMR_PWMSetDuty), (50 bytes).
    Removing tmr.o(i.TMR_PWMSetPeriod), (28 bytes).
    Removing tmr.o(i.TMR_SetCompare), (4 bytes).
    Removing tmr.o(i.TMR_SetCount), (4 bytes).
    Removing tmr.o(i.TMR_Shutdown), (26 bytes).
    Removing tmr_utils.o(.rev16_text), (4 bytes).
    Removing tmr_utils.o(.revsh_text), (4 bytes).
    Removing tmr_utils.o(.rrx_text), (6 bytes).
    Removing tmr_utils.o(i.TMR_Delay), (40 bytes).
    Removing tmr_utils.o(i.TMR_SW_Start), (20 bytes).
    Removing tmr_utils.o(i.TMR_SW_Stop), (22 bytes).
    Removing tmr_utils.o(i.TMR_TO_Check), (22 bytes).
    Removing tmr_utils.o(i.TMR_TO_Clear), (20 bytes).
    Removing tmr_utils.o(i.TMR_TO_Elapsed), (84 bytes).
    Removing tmr_utils.o(i.TMR_TO_Remaining), (92 bytes).
    Removing tmr_utils.o(i.TMR_TO_Start), (132 bytes).
    Removing tmr_utils.o(i.TMR_TO_Stop), (20 bytes).

325 unused section(s) (total 20968 bytes) removed from the image.

==============================================================================

Image Symbol Table

    Local Symbols

    Symbol Name                              Value     Ov Type        Size  Object(Section)

    RESET                                    0x00000000   Section      284  startup_max32660.o(RESET)
    ../clib/microlib/division.c              0x00000000   Number         0  uldiv.o ABSOLUTE
    ../clib/microlib/division.c              0x00000000   Number         0  uidiv.o ABSOLUTE
    ../clib/microlib/init/entry.s            0x00000000   Number         0  entry10b.o ABSOLUTE
    ../clib/microlib/init/entry.s            0x00000000   Number         0  entry2.o ABSOLUTE
    ../clib/microlib/init/entry.s            0x00000000   Number         0  entry7a.o ABSOLUTE
    ../clib/microlib/init/entry.s            0x00000000   Number         0  entry12b.o ABSOLUTE
    ../clib/microlib/init/entry.s            0x00000000   Number         0  entry11a.o ABSOLUTE
    ../clib/microlib/init/entry.s            0x00000000   Number         0  entry11b.o ABSOLUTE
    ../clib/microlib/init/entry.s            0x00000000   Number         0  entry8a.o ABSOLUTE
    ../clib/microlib/init/entry.s            0x00000000   Number         0  entry7b.o ABSOLUTE
    ../clib/microlib/init/entry.s            0x00000000   Number         0  entry8b.o ABSOLUTE
    ../clib/microlib/init/entry.s            0x00000000   Number         0  entry12a.o ABSOLUTE
    ../clib/microlib/init/entry.s            0x00000000   Number         0  entry5.o ABSOLUTE
    ../clib/microlib/init/entry.s            0x00000000   Number         0  entry.o ABSOLUTE
    ../clib/microlib/init/entry.s            0x00000000   Number         0  entry9a.o ABSOLUTE
    ../clib/microlib/init/entry.s            0x00000000   Number         0  entry9b.o ABSOLUTE
    ../clib/microlib/init/entry.s            0x00000000   Number         0  entry10a.o ABSOLUTE
    ../clib/microlib/longlong.c              0x00000000   Number         0  llsshr.o ABSOLUTE
    ../clib/microlib/longlong.c              0x00000000   Number         0  llshl.o ABSOLUTE
    ../clib/microlib/longlong.c              0x00000000   Number         0  llushr.o ABSOLUTE
    ../clib/microlib/printf/printf.c         0x00000000   Number         0  printf0.o ABSOLUTE
    ../clib/microlib/printf/printf.c         0x00000000   Number         0  printfa.o ABSOLUTE
    ../clib/microlib/printf/printf.c         0x00000000   Number         0  printf2.o ABSOLUTE
    ../clib/microlib/printf/printf.c         0x00000000   Number         0  printf7.o ABSOLUTE
    ../clib/microlib/printf/printf.c         0x00000000   Number         0  printf6.o ABSOLUTE
    ../clib/microlib/printf/printf.c         0x00000000   Number         0  printf3.o ABSOLUTE
    ../clib/microlib/printf/printf.c         0x00000000   Number         0  printf1.o ABSOLUTE
    ../clib/microlib/printf/printf.c         0x00000000   Number         0  printf4.o ABSOLUTE
    ../clib/microlib/printf/printf.c         0x00000000   Number         0  printf5.o ABSOLUTE
    ../clib/microlib/printf/printf.c         0x00000000   Number         0  printfb.o ABSOLUTE
    ../clib/microlib/printf/printf.c         0x00000000   Number         0  printf8.o ABSOLUTE
    ../clib/microlib/printf/stubs.s          0x00000000   Number         0  stubs.o ABSOLUTE
    ../clib/microlib/string/memcpy.c         0x00000000   Number         0  memcpya.o ABSOLUTE
    ../clib/microlib/string/memcpy.c         0x00000000   Number         0  memcpyb.o ABSOLUTE
    ../clib/microlib/string/memset.c         0x00000000   Number         0  memseta.o ABSOLUTE
    ../clib/microlib/string/strcpy.c         0x00000000   Number         0  strcpy.o ABSOLUTE
    ../clib/microlib/stubs.s                 0x00000000   Number         0  iusefp.o ABSOLUTE
    ../clib/microlib/stubs.s                 0x00000000   Number         0  useno.o ABSOLUTE
    ../fplib/microlib/d2f.c                  0x00000000   Number         0  d2f.o ABSOLUTE
    ../fplib/microlib/f2d.c                  0x00000000   Number         0  f2d.o ABSOLUTE
    ../fplib/microlib/fpadd.c                0x00000000   Number         0  dadd.o ABSOLUTE
    ../fplib/microlib/fpdiv.c                0x00000000   Number         0  ddiv.o ABSOLUTE
    ../fplib/microlib/fpepilogue.c           0x00000000   Number         0  depilogue.o ABSOLUTE
    ../fplib/microlib/fpepilogue.c           0x00000000   Number         0  fepilogue.o ABSOLUTE
    ../fplib/microlib/fpfix.c                0x00000000   Number         0  dfixul.o ABSOLUTE
    ../fplib/microlib/fpmul.c                0x00000000   Number         0  dmul.o ABSOLUTE
    ..\\main.c                               0x00000000   Number         0  main.o ABSOLUTE
    ..\elapsed_time\elapsed_time.c           0x00000000   Number         0  elapsed_time.o ABSOLUTE
    ..\main.c                                0x00000000   Number         0  main.o ABSOLUTE
    C:/Users/gemoore/AppData/Local/Arm/Packs/Maxim/MAX32660/1.4.0/Boards/Maxim/MAX32660_EVKIT/Common/EvKit_V1/Source/board.c 0x00000000   Number         0  board.o ABSOLUTE
    C:/Users/gemoore/AppData/Local/Arm/Packs/Maxim/MAX32660/1.4.0/Boards/Maxim/MAX32660_EVKIT/Common/Source/led.c 0x00000000   Number         0  led.o ABSOLUTE
    C:/Users/gemoore/AppData/Local/Arm/Packs/Maxim/MAX32660/1.4.0/Boards/Maxim/MAX32660_EVKIT/Common/Source/pb.c 0x00000000   Number         0  pb.o ABSOLUTE
    C:/Users/gemoore/AppData/Local/Arm/Packs/Maxim/MAX32660/1.4.0/Boards/Maxim/MAX32660_EVKIT/Common/Source/stdio.c 0x00000000   Number         0  stdio.o ABSOLUTE
    C:/Users/gemoore/AppData/Local/Arm/Packs/Maxim/MAX32660/1.4.0/Libraries/MAX32660PeriphDriver/Source/flc.c 0x00000000   Number         0  flc.o ABSOLUTE
    C:/Users/gemoore/AppData/Local/Arm/Packs/Maxim/MAX32660/1.4.0/Libraries/MAX32660PeriphDriver/Source/gpio.c 0x00000000   Number         0  gpio.o ABSOLUTE
    C:/Users/gemoore/AppData/Local/Arm/Packs/Maxim/MAX32660/1.4.0/Libraries/MAX32660PeriphDriver/Source/i2c.c 0x00000000   Number         0  i2c.o ABSOLUTE
    C:/Users/gemoore/AppData/Local/Arm/Packs/Maxim/MAX32660/1.4.0/Libraries/MAX32660PeriphDriver/Source/icc.c 0x00000000   Number         0  icc.o ABSOLUTE
    C:/Users/gemoore/AppData/Local/Arm/Packs/Maxim/MAX32660/1.4.0/Libraries/MAX32660PeriphDriver/Source/lp.c 0x00000000   Number         0  lp.o ABSOLUTE
    C:/Users/gemoore/AppData/Local/Arm/Packs/Maxim/MAX32660/1.4.0/Libraries/MAX32660PeriphDriver/Source/mxc_assert.c 0x00000000   Number         0  mxc_assert.o ABSOLUTE
    C:/Users/gemoore/AppData/Local/Arm/Packs/Maxim/MAX32660/1.4.0/Libraries/MAX32660PeriphDriver/Source/mxc_delay.c 0x00000000   Number         0  mxc_delay.o ABSOLUTE
    C:/Users/gemoore/AppData/Local/Arm/Packs/Maxim/MAX32660/1.4.0/Libraries/MAX32660PeriphDriver/Source/mxc_lock.c 0x00000000   Number         0  mxc_lock.o ABSOLUTE
    C:/Users/gemoore/AppData/Local/Arm/Packs/Maxim/MAX32660/1.4.0/Libraries/MAX32660PeriphDriver/Source/mxc_pins.c 0x00000000   Number         0  mxc_pins.o ABSOLUTE
    C:/Users/gemoore/AppData/Local/Arm/Packs/Maxim/MAX32660/1.4.0/Libraries/MAX32660PeriphDriver/Source/mxc_sys.c 0x00000000   Number         0  mxc_sys.o ABSOLUTE
    C:/Users/gemoore/AppData/Local/Arm/Packs/Maxim/MAX32660/1.4.0/Libraries/MAX32660PeriphDriver/Source/nvic_table.c 0x00000000   Number         0  nvic_table.o ABSOLUTE
    C:/Users/gemoore/AppData/Local/Arm/Packs/Maxim/MAX32660/1.4.0/Libraries/MAX32660PeriphDriver/Source/rtc.c 0x00000000   Number         0  rtc.o ABSOLUTE
    C:/Users/gemoore/AppData/Local/Arm/Packs/Maxim/MAX32660/1.4.0/Libraries/MAX32660PeriphDriver/Source/spi.c 0x00000000   Number         0  spi.o ABSOLUTE
    C:/Users/gemoore/AppData/Local/Arm/Packs/Maxim/MAX32660/1.4.0/Libraries/MAX32660PeriphDriver/Source/spi17y.c 0x00000000   Number         0  spi17y.o ABSOLUTE
    C:/Users/gemoore/AppData/Local/Arm/Packs/Maxim/MAX32660/1.4.0/Libraries/MAX32660PeriphDriver/Source/spimss.c 0x00000000   Number         0  spimss.o ABSOLUTE
    C:/Users/gemoore/AppData/Local/Arm/Packs/Maxim/MAX32660/1.4.0/Libraries/MAX32660PeriphDriver/Source/tmr.c 0x00000000   Number         0  tmr.o ABSOLUTE
    C:/Users/gemoore/AppData/Local/Arm/Packs/Maxim/MAX32660/1.4.0/Libraries/MAX32660PeriphDriver/Source/tmr_utils.c 0x00000000   Number         0  tmr_utils.o ABSOLUTE
    C:/Users/gemoore/AppData/Local/Arm/Packs/Maxim/MAX32660/1.4.0/Libraries/MAX32660PeriphDriver/Source/uart.c 0x00000000   Number         0  uart.o ABSOLUTE
    C:\Users\gemoore\AppData\Local\Arm\Packs\Maxim\MAX32660\1.4.0\Boards\Maxim\MAX32660_EVKIT\Common\EvKit_V1\Source\board.c 0x00000000   Number         0  board.o ABSOLUTE
    C:\Users\gemoore\AppData\Local\Arm\Packs\Maxim\MAX32660\1.4.0\Boards\Maxim\MAX32660_EVKIT\Common\Source\led.c 0x00000000   Number         0  led.o ABSOLUTE
    C:\Users\gemoore\AppData\Local\Arm\Packs\Maxim\MAX32660\1.4.0\Boards\Maxim\MAX32660_EVKIT\Common\Source\pb.c 0x00000000   Number         0  pb.o ABSOLUTE
    C:\Users\gemoore\AppData\Local\Arm\Packs\Maxim\MAX32660\1.4.0\Boards\Maxim\MAX32660_EVKIT\Common\Source\stdio.c 0x00000000   Number         0  stdio.o ABSOLUTE
    C:\Users\gemoore\AppData\Local\Arm\Packs\Maxim\MAX32660\1.4.0\Libraries\MAX32660PeriphDriver\Source\flc.c 0x00000000   Number         0  flc.o ABSOLUTE
    C:\Users\gemoore\AppData\Local\Arm\Packs\Maxim\MAX32660\1.4.0\Libraries\MAX32660PeriphDriver\Source\gpio.c 0x00000000   Number         0  gpio.o ABSOLUTE
    C:\Users\gemoore\AppData\Local\Arm\Packs\Maxim\MAX32660\1.4.0\Libraries\MAX32660PeriphDriver\Source\i2c.c 0x00000000   Number         0  i2c.o ABSOLUTE
    C:\Users\gemoore\AppData\Local\Arm\Packs\Maxim\MAX32660\1.4.0\Libraries\MAX32660PeriphDriver\Source\icc.c 0x00000000   Number         0  icc.o ABSOLUTE
    C:\Users\gemoore\AppData\Local\Arm\Packs\Maxim\MAX32660\1.4.0\Libraries\MAX32660PeriphDriver\Source\lp.c 0x00000000   Number         0  lp.o ABSOLUTE
    C:\Users\gemoore\AppData\Local\Arm\Packs\Maxim\MAX32660\1.4.0\Libraries\MAX32660PeriphDriver\Source\mxc_assert.c 0x00000000   Number         0  mxc_assert.o ABSOLUTE
    C:\Users\gemoore\AppData\Local\Arm\Packs\Maxim\MAX32660\1.4.0\Libraries\MAX32660PeriphDriver\Source\mxc_delay.c 0x00000000   Number         0  mxc_delay.o ABSOLUTE
    C:\Users\gemoore\AppData\Local\Arm\Packs\Maxim\MAX32660\1.4.0\Libraries\MAX32660PeriphDriver\Source\mxc_lock.c 0x00000000   Number         0  mxc_lock.o ABSOLUTE
    C:\Users\gemoore\AppData\Local\Arm\Packs\Maxim\MAX32660\1.4.0\Libraries\MAX32660PeriphDriver\Source\mxc_pins.c 0x00000000   Number         0  mxc_pins.o ABSOLUTE
    C:\Users\gemoore\AppData\Local\Arm\Packs\Maxim\MAX32660\1.4.0\Libraries\MAX32660PeriphDriver\Source\mxc_sys.c 0x00000000   Number         0  mxc_sys.o ABSOLUTE
    C:\Users\gemoore\AppData\Local\Arm\Packs\Maxim\MAX32660\1.4.0\Libraries\MAX32660PeriphDriver\Source\nvic_table.c 0x00000000   Number         0  nvic_table.o ABSOLUTE
    C:\Users\gemoore\AppData\Local\Arm\Packs\Maxim\MAX32660\1.4.0\Libraries\MAX32660PeriphDriver\Source\rtc.c 0x00000000   Number         0  rtc.o ABSOLUTE
    C:\Users\gemoore\AppData\Local\Arm\Packs\Maxim\MAX32660\1.4.0\Libraries\MAX32660PeriphDriver\Source\spi.c 0x00000000   Number         0  spi.o ABSOLUTE
    C:\Users\gemoore\AppData\Local\Arm\Packs\Maxim\MAX32660\1.4.0\Libraries\MAX32660PeriphDriver\Source\spi17y.c 0x00000000   Number         0  spi17y.o ABSOLUTE
    C:\Users\gemoore\AppData\Local\Arm\Packs\Maxim\MAX32660\1.4.0\Libraries\MAX32660PeriphDriver\Source\spimss.c 0x00000000   Number         0  spimss.o ABSOLUTE
    C:\Users\gemoore\AppData\Local\Arm\Packs\Maxim\MAX32660\1.4.0\Libraries\MAX32660PeriphDriver\Source\tmr.c 0x00000000   Number         0  tmr.o ABSOLUTE
    C:\Users\gemoore\AppData\Local\Arm\Packs\Maxim\MAX32660\1.4.0\Libraries\MAX32660PeriphDriver\Source\tmr_utils.c 0x00000000   Number         0  tmr_utils.o ABSOLUTE
    C:\Users\gemoore\AppData\Local\Arm\Packs\Maxim\MAX32660\1.4.0\Libraries\MAX32660PeriphDriver\Source\uart.c 0x00000000   Number         0  uart.o ABSOLUTE
    RTE/Device/MAX32660/startup_max32660.s   0x00000000   Number         0  startup_max32660.o ABSOLUTE
    RTE/Device/MAX32660/system_max32660.c    0x00000000   Number         0  system_max32660.o ABSOLUTE
    RTE\Device\MAX32660\system_max32660.c    0x00000000   Number         0  system_max32660.o ABSOLUTE
    cdrcmple.s                               0x00000000   Number         0  cdrcmple.o ABSOLUTE
    dc.s                                     0x00000000   Number         0  dc.o ABSOLUTE
    handlers.s                               0x00000000   Number         0  handlers.o ABSOLUTE
    init.s                                   0x00000000   Number         0  init.o ABSOLUTE
    .ARM.Collect$$$$00000000                 0x0000011c   Section        0  entry.o(.ARM.Collect$$$$00000000)
    .ARM.Collect$$$$00000001                 0x0000011c   Section        4  entry2.o(.ARM.Collect$$$$00000001)
    .ARM.Collect$$$$00000004                 0x00000120   Section        4  entry5.o(.ARM.Collect$$$$00000004)
    .ARM.Collect$$$$00000008                 0x00000124   Section        0  entry7b.o(.ARM.Collect$$$$00000008)
    .ARM.Collect$$$$0000000A                 0x00000124   Section        0  entry8b.o(.ARM.Collect$$$$0000000A)
    .ARM.Collect$$$$0000000B                 0x00000124   Section        8  entry9a.o(.ARM.Collect$$$$0000000B)
    .ARM.Collect$$$$0000000E                 0x0000012c   Section        4  entry12b.o(.ARM.Collect$$$$0000000E)
    .ARM.Collect$$$$0000000F                 0x00000130   Section        0  entry10a.o(.ARM.Collect$$$$0000000F)
    .ARM.Collect$$$$00000011                 0x00000130   Section        0  entry11a.o(.ARM.Collect$$$$00000011)
    .ARM.Collect$$$$00002712                 0x00000130   Section        4  entry2.o(.ARM.Collect$$$$00002712)
    __lit__00000000                          0x00000130   Data           4  entry2.o(.ARM.Collect$$$$00002712)
    .text                                    0x00000134   Section       40  startup_max32660.o(.text)
    $v0                                      0x00000134   Number         0  startup_max32660.o(.text)
    .text                                    0x0000015c   Section        0  uldiv.o(.text)
    .text                                    0x000001be   Section        0  strcpy.o(.text)
    .text                                    0x000001d0   Section        0  dadd.o(.text)
    .text                                    0x0000031e   Section        0  dmul.o(.text)
    .text                                    0x00000402   Section        0  ddiv.o(.text)
    .text                                    0x000004e0   Section        0  f2d.o(.text)
    .text                                    0x00000506   Section        0  d2f.o(.text)
    .text                                    0x00000540   Section       36  init.o(.text)
    .text                                    0x00000564   Section        0  uidiv.o(.text)
    .text                                    0x00000590   Section        0  llshl.o(.text)
    .text                                    0x000005ae   Section        0  llushr.o(.text)
    .text                                    0x000005ce   Section        0  llsshr.o(.text)
    .text                                    0x000005f2   Section        0  iusefp.o(.text)
    .text                                    0x000005f2   Section        0  fepilogue.o(.text)
    .text                                    0x00000660   Section        0  depilogue.o(.text)
    .text                                    0x0000071a   Section        0  dfixul.o(.text)
    .text                                    0x0000074c   Section       48  cdrcmple.o(.text)
    i.$Sub$$__main_after_scatterload         0x0000077c   Section        0  system_max32660.o(i.$Sub$$__main_after_scatterload)
    i.Board_Init                             0x00000788   Section        0  board.o(i.Board_Init)
    i.Console_Init                           0x000007e8   Section        0  board.o(i.Console_Init)
    i.GPIO0_IRQHandler                       0x00000810   Section        0  pb.o(i.GPIO0_IRQHandler)
    i.GPIO_Config                            0x0000081c   Section        0  gpio.o(i.GPIO_Config)
    i.GPIO_Handler                           0x00000914   Section        0  gpio.o(i.GPIO_Handler)
    i.GPIO_InGet                             0x00000978   Section        0  gpio.o(i.GPIO_InGet)
    i.GPIO_OutClr                            0x00000994   Section        0  gpio.o(i.GPIO_OutClr)
    i.GPIO_OutSet                            0x000009ac   Section        0  gpio.o(i.GPIO_OutSet)
    i.GPIO_SerialWireDebugDisable            0x000009c4   Section        0  main.o(i.GPIO_SerialWireDebugDisable)
    i.LED_Init                               0x000009d8   Section        0  led.o(i.LED_Init)
    i.LED_Off                                0x00000a10   Section        0  led.o(i.LED_Off)
    i.NMI_Handler                            0x00000a28   Section        0  board.o(i.NMI_Handler)
    i.PB_Init                                0x00000a2c   Section        0  pb.o(i.PB_Init)
    i.PreInit                                0x00000a60   Section        0  system_max32660.o(i.PreInit)
    i.SYS_ClockDisable                       0x00000a64   Section        0  mxc_sys.o(i.SYS_ClockDisable)
    i.SYS_ClockEnable                        0x00000a8e   Section        0  mxc_sys.o(i.SYS_ClockEnable)
    i.SYS_Clock_Select                       0x00000ab8   Section        0  mxc_sys.o(i.SYS_Clock_Select)
    i.SYS_Clock_Timeout                      0x00000cec   Section        0  mxc_sys.o(i.SYS_Clock_Timeout)
    SYS_Clock_Timeout                        0x00000ced   Thumb Code    46  mxc_sys.o(i.SYS_Clock_Timeout)
    i.SYS_UART_Init                          0x00000d1c   Section        0  mxc_sys.o(i.SYS_UART_Init)
    i.SysTick_Handler                        0x00000db8   Section        0  mxc_delay.o(i.SysTick_Handler)
    i.SystemCoreClockUpdate                  0x00000dc0   Section        0  system_max32660.o(i.SystemCoreClockUpdate)
    i.SystemInit                             0x00000e24   Section        0  system_max32660.o(i.SystemInit)
    i.UART_Init                              0x00000eb8   Section        0  uart.o(i.UART_Init)
    i.UART_WriteByte                         0x00000f94   Section        0  uart.o(i.UART_WriteByte)
    i.__0printf                              0x00000fa4   Section        0  printfa.o(i.__0printf)
    i.__scatterload_copy                     0x00000fc4   Section       14  handlers.o(i.__scatterload_copy)
    i.__scatterload_null                     0x00000fd2   Section        2  handlers.o(i.__scatterload_null)
    i.__scatterload_zeroinit                 0x00000fd4   Section       14  handlers.o(i.__scatterload_zeroinit)
    i._fp_digits                             0x00000fe4   Section        0  printfa.o(i._fp_digits)
    _fp_digits                               0x00000fe5   Thumb Code   366  printfa.o(i._fp_digits)
    i._printf_core                           0x00001168   Section        0  printfa.o(i._printf_core)
    _printf_core                             0x00001169   Thumb Code  1704  printfa.o(i._printf_core)
    i._printf_post_padding                   0x0000181c   Section        0  printfa.o(i._printf_post_padding)
    _printf_post_padding                     0x0000181d   Thumb Code    36  printfa.o(i._printf_post_padding)
    i._printf_pre_padding                    0x00001840   Section        0  printfa.o(i._printf_pre_padding)
    _printf_pre_padding                      0x00001841   Thumb Code    46  printfa.o(i._printf_pre_padding)
    i.bit_bang_spi                           0x00001870   Section        0  main.o(i.bit_bang_spi)
    i.elapsed_time_clr                       0x00001914   Section        0  elapsed_time.o(i.elapsed_time_clr)
    i.elapsed_time_init                      0x00001930   Section        0  elapsed_time.o(i.elapsed_time_init)
    i.elapsed_time_start                     0x00001970   Section        0  elapsed_time.o(i.elapsed_time_start)
    i.elapsed_time_stop                      0x00001988   Section        0  elapsed_time.o(i.elapsed_time_stop)
    i.fputc                                  0x000019c0   Section        0  stdio.o(i.fputc)
    i.main                                   0x000019ec   Section        0  main.o(i.main)
    i.mxc_delay                              0x00001c50   Section        0  mxc_delay.o(i.mxc_delay)
    i.mxc_delay_check                        0x00001cd0   Section        0  mxc_delay.o(i.mxc_delay_check)
    i.mxc_delay_handler                      0x00001d24   Section        0  mxc_delay.o(i.mxc_delay_handler)
    i.mxc_delay_init                         0x00001d7c   Section        0  mxc_delay.o(i.mxc_delay_init)
    mxc_delay_init                           0x00001d7d   Thumb Code   154  mxc_delay.o(i.mxc_delay_init)
    i.mxc_delay_start                        0x00001e30   Section        0  mxc_delay.o(i.mxc_delay_start)
    i.mxc_delay_stop                         0x00001e7c   Section        0  mxc_delay.o(i.mxc_delay_stop)
    i.print_binary                           0x00001e98   Section        0  main.o(i.print_binary)
    .constdata                               0x00001ecc   Section       50  board.o(.constdata)
    .constdata                               0x00001f00   Section      192  mxc_pins.o(.constdata)
    .data                                    0x20000000   Section        4  board.o(.data)
    .data                                    0x20000004   Section       16  stdio.o(.data)
    .data                                    0x20000014   Section       16  uart.o(.data)
    rx_states                                0x20000014   Data           8  uart.o(.data)
    tx_states                                0x2000001c   Data           8  uart.o(.data)
    .data                                    0x20000028   Section       28  mxc_delay.o(.data)
    ctrl_save                                0x20000028   Data           4  mxc_delay.o(.data)
    compare_value                            0x20000030   Data           8  mxc_delay.o(.data)
    curr_value                               0x20000038   Data           8  mxc_delay.o(.data)
    reload                                   0x20000040   Data           4  mxc_delay.o(.data)
    .data                                    0x20000044   Section        4  system_max32660.o(.data)
    .bss                                     0x20000048   Section      160  elapsed_time.o(.bss)
    elapsed_time_tbl                         0x20000048   Data         160  elapsed_time.o(.bss)
    .bss                                     0x200000e8   Section       48  main.o(.bss)
    .bss                                     0x20000118   Section      112  gpio.o(.bss)
    callback                                 0x20000118   Data          56  gpio.o(.bss)
    cbparam                                  0x20000150   Data          56  gpio.o(.bss)
    STACK                                    0x20000188   Section     4096  startup_max32660.o(STACK)

    Global Symbols

    Symbol Name                              Value     Ov Type        Size  Object(Section)

    BuildAttributes$$THM_ISAv4$E$P$D$K$B$S$7EM$VFPi3$EXTD16$VFPS$VFMA$PE$A:L22UL41UL21$X:L11$S22US41US21$IEEE1$IW$USESV6$~STKCKD$USESV7$~SHL$OTIME$ROPI$EBA8$MICROLIB$REQ8$PRES8$EABIv2 0x00000000   Number         0  anon$$obj.o ABSOLUTE
    __ARM_use_no_argv                        0x00000000   Number         0  main.o ABSOLUTE
    __Vectors                                0x00000000   Data           0  startup_max32660.o(RESET)
    __isr_vector                             0x00000000   Data           4  startup_max32660.o(RESET)
    __use_no_errno                           0x00000000   Number         0  useno.o ABSOLUTE
    __use_no_exception_handling              0x00000000   Number         0  useno.o ABSOLUTE
    __use_no_fp                              0x00000000   Number         0  useno.o ABSOLUTE
    __use_no_heap                            0x00000000   Number         0  useno.o ABSOLUTE
    __use_no_heap_region                     0x00000000   Number         0  useno.o ABSOLUTE
    __use_no_semihosting                     0x00000000   Number         0  useno.o ABSOLUTE
    __use_no_semihosting_swi                 0x00000000   Number         0  useno.o ABSOLUTE
    __use_no_signal_handling                 0x00000000   Number         0  useno.o ABSOLUTE
    _printf_a                                0x00000000   Number         0  stubs.o ABSOLUTE
    _printf_c                                0x00000000   Number         0  stubs.o ABSOLUTE
    _printf_charcount                        0x00000000   Number         0  stubs.o ABSOLUTE
    _printf_d                                0x00000000   Number         0  stubs.o ABSOLUTE
    _printf_e                                0x00000000   Number         0  stubs.o ABSOLUTE
    _printf_f                                0x00000000   Number         0  stubs.o ABSOLUTE
    _printf_flags                            0x00000000   Number         0  stubs.o ABSOLUTE
    _printf_fp_dec                           0x00000000   Number         0  stubs.o ABSOLUTE
    _printf_fp_hex                           0x00000000   Number         0  stubs.o ABSOLUTE
    _printf_g                                0x00000000   Number         0  stubs.o ABSOLUTE
    _printf_i                                0x00000000   Number         0  stubs.o ABSOLUTE
    _printf_int_dec                          0x00000000   Number         0  stubs.o ABSOLUTE
    _printf_l                                0x00000000   Number         0  stubs.o ABSOLUTE
    _printf_lc                               0x00000000   Number         0  stubs.o ABSOLUTE
    _printf_ll                               0x00000000   Number         0  stubs.o ABSOLUTE
    _printf_lld                              0x00000000   Number         0  stubs.o ABSOLUTE
    _printf_lli                              0x00000000   Number         0  stubs.o ABSOLUTE
    _printf_llo                              0x00000000   Number         0  stubs.o ABSOLUTE
    _printf_llu                              0x00000000   Number         0  stubs.o ABSOLUTE
    _printf_llx                              0x00000000   Number         0  stubs.o ABSOLUTE
    _printf_longlong_dec                     0x00000000   Number         0  stubs.o ABSOLUTE
    _printf_longlong_hex                     0x00000000   Number         0  stubs.o ABSOLUTE
    _printf_longlong_oct                     0x00000000   Number         0  stubs.o ABSOLUTE
    _printf_ls                               0x00000000   Number         0  stubs.o ABSOLUTE
    _printf_mbtowc                           0x00000000   Number         0  stubs.o ABSOLUTE
    _printf_n                                0x00000000   Number         0  stubs.o ABSOLUTE
    _printf_o                                0x00000000   Number         0  stubs.o ABSOLUTE
    _printf_p                                0x00000000   Number         0  stubs.o ABSOLUTE
    _printf_percent                          0x00000000   Number         0  stubs.o ABSOLUTE
    _printf_pre_padding                      0x00000000   Number         0  stubs.o ABSOLUTE
    _printf_return_value                     0x00000000   Number         0  stubs.o ABSOLUTE
    _printf_s                                0x00000000   Number         0  stubs.o ABSOLUTE
    _printf_sizespec                         0x00000000   Number         0  stubs.o ABSOLUTE
    _printf_str                              0x00000000   Number         0  stubs.o ABSOLUTE
    _printf_truncate_signed                  0x00000000   Number         0  stubs.o ABSOLUTE
    _printf_truncate_unsigned                0x00000000   Number         0  stubs.o ABSOLUTE
    _printf_u                                0x00000000   Number         0  stubs.o ABSOLUTE
    _printf_wc                               0x00000000   Number         0  stubs.o ABSOLUTE
    _printf_wctomb                           0x00000000   Number         0  stubs.o ABSOLUTE
    _printf_widthprec                        0x00000000   Number         0  stubs.o ABSOLUTE
    _printf_x                                0x00000000   Number         0  stubs.o ABSOLUTE
    __arm_fini_                               - Undefined Weak Reference
    __cpp_initialize__aeabi_                  - Undefined Weak Reference
    __cxa_finalize                            - Undefined Weak Reference
    __decompress                              - Undefined Weak Reference
    _clock_init                               - Undefined Weak Reference
    _microlib_exit                            - Undefined Weak Reference
    __Vectors_End                            0x0000011c   Data           0  startup_max32660.o(RESET)
    __Vectors_Size                           0x0000011c   Number         0  startup_max32660.o ABSOLUTE
    __main                                   0x0000011d   Thumb Code     0  entry.o(.ARM.Collect$$$$00000000)
    _main_stk                                0x0000011d   Thumb Code     0  entry2.o(.ARM.Collect$$$$00000001)
    _main_scatterload                        0x00000121   Thumb Code     0  entry5.o(.ARM.Collect$$$$00000004)
    $Super$$__main_after_scatterload         0x00000125   Thumb Code     0  entry5.o(.ARM.Collect$$$$00000004)
    _main_clock                              0x00000125   Thumb Code     0  entry7b.o(.ARM.Collect$$$$00000008)
    _main_cpp_init                           0x00000125   Thumb Code     0  entry8b.o(.ARM.Collect$$$$0000000A)
    _main_init                               0x00000125   Thumb Code     0  entry9a.o(.ARM.Collect$$$$0000000B)
    __rt_lib_shutdown_fini                   0x0000012d   Thumb Code     0  entry12b.o(.ARM.Collect$$$$0000000E)
    __rt_final_cpp                           0x00000131   Thumb Code     0  entry10a.o(.ARM.Collect$$$$0000000F)
    __rt_final_exit                          0x00000131   Thumb Code     0  entry11a.o(.ARM.Collect$$$$00000011)
    Reset_Handler                            0x00000135   Thumb Code    14  startup_max32660.o(.text)
    HardFault_Handler                        0x00000145   Thumb Code     2  startup_max32660.o(.text)
    MemManage_Handler                        0x00000147   Thumb Code     2  startup_max32660.o(.text)
    BusFault_Handler                         0x00000149   Thumb Code     2  startup_max32660.o(.text)
    UsageFault_Handler                       0x0000014b   Thumb Code     2  startup_max32660.o(.text)
    SVC_Handler                              0x0000014d   Thumb Code     2  startup_max32660.o(.text)
    DebugMon_Handler                         0x0000014f   Thumb Code     2  startup_max32660.o(.text)
    PendSV_Handler                           0x00000151   Thumb Code     2  startup_max32660.o(.text)
    DMA0_IRQHandler                          0x00000153   Thumb Code     0  startup_max32660.o(.text)
    DMA1_IRQHandler                          0x00000153   Thumb Code     0  startup_max32660.o(.text)
    DMA2_IRQHandler                          0x00000153   Thumb Code     0  startup_max32660.o(.text)
    DMA3_IRQHandler                          0x00000153   Thumb Code     0  startup_max32660.o(.text)
    FLC_IRQHandler                           0x00000153   Thumb Code     0  startup_max32660.o(.text)
    GPIOWAKE_IRQHandler                      0x00000153   Thumb Code     0  startup_max32660.o(.text)
    I2C0_IRQHandler                          0x00000153   Thumb Code     0  startup_max32660.o(.text)
    I2C1_IRQHandler                          0x00000153   Thumb Code     0  startup_max32660.o(.text)
    PF_IRQHandler                            0x00000153   Thumb Code     0  startup_max32660.o(.text)
    RSV00_IRQHandler                         0x00000153   Thumb Code     0  startup_max32660.o(.text)
    RSV01_IRQHandler                         0x00000153   Thumb Code     0  startup_max32660.o(.text)
    RSV02_IRQHandler                         0x00000153   Thumb Code     0  startup_max32660.o(.text)
    RSV03_IRQHandler                         0x00000153   Thumb Code     0  startup_max32660.o(.text)
    RSV04_IRQHandler                         0x00000153   Thumb Code     0  startup_max32660.o(.text)
    RSV05_IRQHandler                         0x00000153   Thumb Code     0  startup_max32660.o(.text)
    RSV06_IRQHandler                         0x00000153   Thumb Code     0  startup_max32660.o(.text)
    RSV07_IRQHandler                         0x00000153   Thumb Code     0  startup_max32660.o(.text)
    RSV08_IRQHandler                         0x00000153   Thumb Code     0  startup_max32660.o(.text)
    RSV09_IRQHandler                         0x00000153   Thumb Code     0  startup_max32660.o(.text)
    RSV10_IRQHandler                         0x00000153   Thumb Code     0  startup_max32660.o(.text)
    RSV11_IRQHandler                         0x00000153   Thumb Code     0  startup_max32660.o(.text)
    RSV12_IRQHandler                         0x00000153   Thumb Code     0  startup_max32660.o(.text)
    RSV13_IRQHandler                         0x00000153   Thumb Code     0  startup_max32660.o(.text)
    RSV14_IRQHandler                         0x00000153   Thumb Code     0  startup_max32660.o(.text)
    RSV15_IRQHandler                         0x00000153   Thumb Code     0  startup_max32660.o(.text)
    RSV16_IRQHandler                         0x00000153   Thumb Code     0  startup_max32660.o(.text)
    RSV17_IRQHandler                         0x00000153   Thumb Code     0  startup_max32660.o(.text)
    RSV18_IRQHandler                         0x00000153   Thumb Code     0  startup_max32660.o(.text)
    RSV19_IRQHandler                         0x00000153   Thumb Code     0  startup_max32660.o(.text)
    RSV20_IRQHandler                         0x00000153   Thumb Code     0  startup_max32660.o(.text)
    RSV21_IRQHandler                         0x00000153   Thumb Code     0  startup_max32660.o(.text)
    RSV22_IRQHandler                         0x00000153   Thumb Code     0  startup_max32660.o(.text)
    RSV23_IRQHandler                         0x00000153   Thumb Code     0  startup_max32660.o(.text)
    RSV24_IRQHandler                         0x00000153   Thumb Code     0  startup_max32660.o(.text)
    RSV25_IRQHandler                         0x00000153   Thumb Code     0  startup_max32660.o(.text)
    RSV26_IRQHandler                         0x00000153   Thumb Code     0  startup_max32660.o(.text)
    RSV27_IRQHandler                         0x00000153   Thumb Code     0  startup_max32660.o(.text)
    RSV28_IRQHandler                         0x00000153   Thumb Code     0  startup_max32660.o(.text)
    RSV29_IRQHandler                         0x00000153   Thumb Code     0  startup_max32660.o(.text)
    RSV30_IRQHandler                         0x00000153   Thumb Code     0  startup_max32660.o(.text)
    RSV31_IRQHandler                         0x00000153   Thumb Code     0  startup_max32660.o(.text)
    RSV32_IRQHandler                         0x00000153   Thumb Code     0  startup_max32660.o(.text)
    RSV33_IRQHandler                         0x00000153   Thumb Code     0  startup_max32660.o(.text)
    RSV34_IRQHandler                         0x00000153   Thumb Code     0  startup_max32660.o(.text)
    RSV35_IRQHandler                         0x00000153   Thumb Code     0  startup_max32660.o(.text)
    RTC_IRQHandler                           0x00000153   Thumb Code     0  startup_max32660.o(.text)
    SPI0_IRQHandler                          0x00000153   Thumb Code     0  startup_max32660.o(.text)
    SPI1_IRQHandler                          0x00000153   Thumb Code     0  startup_max32660.o(.text)
    TMR0_IRQHandler                          0x00000153   Thumb Code     0  startup_max32660.o(.text)
    TMR1_IRQHandler                          0x00000153   Thumb Code     0  startup_max32660.o(.text)
    TMR2_IRQHandler                          0x00000153   Thumb Code     0  startup_max32660.o(.text)
    UART0_IRQHandler                         0x00000153   Thumb Code     0  startup_max32660.o(.text)
    UART1_IRQHandler                         0x00000153   Thumb Code     0  startup_max32660.o(.text)
    WDT0_IRQHandler                          0x00000153   Thumb Code     0  startup_max32660.o(.text)
    __aeabi_uldivmod                         0x0000015d   Thumb Code    98  uldiv.o(.text)
    strcpy                                   0x000001bf   Thumb Code    18  strcpy.o(.text)
    __aeabi_dadd                             0x000001d1   Thumb Code   322  dadd.o(.text)
    __aeabi_dsub                             0x00000313   Thumb Code     6  dadd.o(.text)
    __aeabi_drsub                            0x00000319   Thumb Code     6  dadd.o(.text)
    __aeabi_dmul                             0x0000031f   Thumb Code   228  dmul.o(.text)
    __aeabi_ddiv                             0x00000403   Thumb Code   222  ddiv.o(.text)
    __aeabi_f2d                              0x000004e1   Thumb Code    38  f2d.o(.text)
    __aeabi_d2f                              0x00000507   Thumb Code    56  d2f.o(.text)
    __scatterload                            0x00000541   Thumb Code    28  init.o(.text)
    __scatterload_rt2                        0x00000541   Thumb Code     0  init.o(.text)
    __aeabi_uidiv                            0x00000565   Thumb Code     0  uidiv.o(.text)
    __aeabi_uidivmod                         0x00000565   Thumb Code    44  uidiv.o(.text)
    __aeabi_llsl                             0x00000591   Thumb Code    30  llshl.o(.text)
    _ll_shift_l                              0x00000591   Thumb Code     0  llshl.o(.text)
    __aeabi_llsr                             0x000005af   Thumb Code    32  llushr.o(.text)
    _ll_ushift_r                             0x000005af   Thumb Code     0  llushr.o(.text)
    __aeabi_lasr                             0x000005cf   Thumb Code    36  llsshr.o(.text)
    _ll_sshift_r                             0x000005cf   Thumb Code     0  llsshr.o(.text)
    __I$use$fp                               0x000005f3   Thumb Code     0  iusefp.o(.text)
    _float_round                             0x000005f3   Thumb Code    18  fepilogue.o(.text)
    _float_epilogue                          0x00000605   Thumb Code    92  fepilogue.o(.text)
    _double_round                            0x00000661   Thumb Code    30  depilogue.o(.text)
    _double_epilogue                         0x0000067f   Thumb Code   156  depilogue.o(.text)
    __aeabi_d2ulz                            0x0000071b   Thumb Code    48  dfixul.o(.text)
    __aeabi_cdrcmple                         0x0000074d   Thumb Code    48  cdrcmple.o(.text)
    __main_after_scatterload                 0x0000077d   Thumb Code    12  system_max32660.o(i.$Sub$$__main_after_scatterload)
    Board_Init                               0x00000789   Thumb Code    86  board.o(i.Board_Init)
    Console_Init                             0x000007e9   Thumb Code    26  board.o(i.Console_Init)
    GPIO0_IRQHandler                         0x00000811   Thumb Code    10  pb.o(i.GPIO0_IRQHandler)
    GPIO_Config                              0x0000081d   Thumb Code   242  gpio.o(i.GPIO_Config)
    GPIO_Handler                             0x00000915   Thumb Code    88  gpio.o(i.GPIO_Handler)
    GPIO_InGet                               0x00000979   Thumb Code    22  gpio.o(i.GPIO_InGet)
    GPIO_OutClr                              0x00000995   Thumb Code    18  gpio.o(i.GPIO_OutClr)
    GPIO_OutSet                              0x000009ad   Thumb Code    18  gpio.o(i.GPIO_OutSet)
    GPIO_SerialWireDebugDisable              0x000009c5   Thumb Code    18  main.o(i.GPIO_SerialWireDebugDisable)
    LED_Init                                 0x000009d9   Thumb Code    48  led.o(i.LED_Init)
    LED_Off                                  0x00000a11   Thumb Code    20  led.o(i.LED_Off)
    NMI_Handler                              0x00000a29   Thumb Code     4  board.o(i.NMI_Handler)
    PB_Init                                  0x00000a2d   Thumb Code    42  pb.o(i.PB_Init)
    PreInit                                  0x00000a61   Thumb Code     4  system_max32660.o(i.PreInit)
    SYS_ClockDisable                         0x00000a65   Thumb Code    42  mxc_sys.o(i.SYS_ClockDisable)
    SYS_ClockEnable                          0x00000a8f   Thumb Code    42  mxc_sys.o(i.SYS_ClockEnable)
    SYS_Clock_Select                         0x00000ab9   Thumb Code   556  mxc_sys.o(i.SYS_Clock_Select)
    SYS_UART_Init                            0x00000d1d   Thumb Code   122  mxc_sys.o(i.SYS_UART_Init)
    SysTick_Handler                          0x00000db9   Thumb Code     8  mxc_delay.o(i.SysTick_Handler)
    SystemCoreClockUpdate                    0x00000dc1   Thumb Code    80  system_max32660.o(i.SystemCoreClockUpdate)
    SystemInit                               0x00000e25   Thumb Code   132  system_max32660.o(i.SystemInit)
    UART_Init                                0x00000eb9   Thumb Code   198  uart.o(i.UART_Init)
    UART_WriteByte                           0x00000f95   Thumb Code    16  uart.o(i.UART_WriteByte)
    __0printf                                0x00000fa5   Thumb Code    22  printfa.o(i.__0printf)
    __1printf                                0x00000fa5   Thumb Code     0  printfa.o(i.__0printf)
    __2printf                                0x00000fa5   Thumb Code     0  printfa.o(i.__0printf)
    __c89printf                              0x00000fa5   Thumb Code     0  printfa.o(i.__0printf)
    printf                                   0x00000fa5   Thumb Code     0  printfa.o(i.__0printf)
    __scatterload_copy                       0x00000fc5   Thumb Code    14  handlers.o(i.__scatterload_copy)
    __scatterload_null                       0x00000fd3   Thumb Code     2  handlers.o(i.__scatterload_null)
    __scatterload_zeroinit                   0x00000fd5   Thumb Code    14  handlers.o(i.__scatterload_zeroinit)
    bit_bang_spi                             0x00001871   Thumb Code   144  main.o(i.bit_bang_spi)
    elapsed_time_clr                         0x00001915   Thumb Code    24  elapsed_time.o(i.elapsed_time_clr)
    elapsed_time_init                        0x00001931   Thumb Code    54  elapsed_time.o(i.elapsed_time_init)
    elapsed_time_start                       0x00001971   Thumb Code    14  elapsed_time.o(i.elapsed_time_start)
    elapsed_time_stop                        0x00001989   Thumb Code    46  elapsed_time.o(i.elapsed_time_stop)
    fputc                                    0x000019c1   Thumb Code    40  stdio.o(i.fputc)
    main                                     0x000019ed   Thumb Code   358  main.o(i.main)
    mxc_delay                                0x00001c51   Thumb Code   116  mxc_delay.o(i.mxc_delay)
    mxc_delay_check                          0x00001cd1   Thumb Code    72  mxc_delay.o(i.mxc_delay_check)
    mxc_delay_handler                        0x00001d25   Thumb Code    76  mxc_delay.o(i.mxc_delay_handler)
    mxc_delay_start                          0x00001e31   Thumb Code    72  mxc_delay.o(i.mxc_delay_start)
    mxc_delay_stop                           0x00001e7d   Thumb Code    20  mxc_delay.o(i.mxc_delay_stop)
    print_binary                             0x00001e99   Thumb Code    42  main.o(i.print_binary)
    pb_pin                                   0x00001ecc   Data          12  board.o(.constdata)
    num_pbs                                  0x00001ed8   Data           4  board.o(.constdata)
    led_pin                                  0x00001edc   Data          12  board.o(.constdata)
    num_leds                                 0x00001ee8   Data           4  board.o(.constdata)
    console_uart_cfg                         0x00001eec   Data          16  board.o(.constdata)
    console_uart_sys_cfg                     0x00001efc   Data           2  board.o(.constdata)
    gpio_cfg_tmr0                            0x00001f00   Data          12  mxc_pins.o(.constdata)
    gpio_cfg_uart0rtscts                     0x00001f0c   Data          12  mxc_pins.o(.constdata)
    gpio_cfg_uart0a                          0x00001f18   Data          12  mxc_pins.o(.constdata)
    gpio_cfg_uart1rtscts                     0x00001f24   Data          12  mxc_pins.o(.constdata)
    gpio_cfg_uart1a                          0x00001f30   Data          12  mxc_pins.o(.constdata)
    gpio_cfg_uart1b                          0x00001f3c   Data          12  mxc_pins.o(.constdata)
    gpio_cfg_uart1c                          0x00001f48   Data          12  mxc_pins.o(.constdata)
    gpio_cfg_i2c0                            0x00001f54   Data          12  mxc_pins.o(.constdata)
    gpio_cfg_i2c1                            0x00001f60   Data          12  mxc_pins.o(.constdata)
    gpio_cfg_spi17y                          0x00001f6c   Data          12  mxc_pins.o(.constdata)
    gpio_cfg_spimss1a                        0x00001f78   Data          12  mxc_pins.o(.constdata)
    gpio_cfg_spimss1b                        0x00001f84   Data          12  mxc_pins.o(.constdata)
    gpio_cfg_i2s1a                           0x00001f90   Data          12  mxc_pins.o(.constdata)
    gpio_cfg_i2s1b                           0x00001f9c   Data          12  mxc_pins.o(.constdata)
    gpio_cfg_swd                             0x00001fa8   Data          12  mxc_pins.o(.constdata)
    gpio_cfg_rtc                             0x00001fb4   Data          12  mxc_pins.o(.constdata)
    Region$$Table$$Base                      0x00001fc0   Number         0  anon$$obj.o(Region$$Table)
    Region$$Table$$Limit                     0x00001fe0   Number         0  anon$$obj.o(Region$$Table)
    ConsoleUART                              0x20000000   Data           4  board.o(.data)
    __stdout                                 0x20000004   Data           4  stdio.o(.data)
    __stdin                                  0x20000008   Data           4  stdio.o(.data)
    g_lastChar                               0x2000000c   Data           4  stdio.o(.data)
    g_readChar                               0x20000010   Data           4  stdio.o(.data)
    SystemCoreClock                          0x20000044   Data           4  system_max32660.o(.data)
    adc_spi_cipo_in                          0x200000e8   Data          12  main.o(.bss)
    adc_spi_clk_out                          0x200000f4   Data          12  main.o(.bss)
    adc_spi_csb_out                          0x20000100   Data          12  main.o(.bss)
    adc_spi_ch_sel_out                       0x2000010c   Data          12  main.o(.bss)
    __initial_sp                             0x20001188   Data           0  startup_max32660.o(STACK)



==============================================================================

Memory Map of the image

  Image Entry point : 0x0000011d

  Load Region LR_IROM1 (Base: 0x00000000, Size: 0x00002028, Max: 0x00040000, ABSOLUTE)

    Execution Region ER_IROM1 (Exec base: 0x00000000, Load base: 0x00000000, Size: 0x00001fe0, Max: 0x00040000, ABSOLUTE)

    Exec Addr    Load Addr    Size         Type   Attr      Idx    E Section Name        Object

    0x00000000   0x00000000   0x0000011c   Data   RO         1931    RESET               startup_max32660.o
    0x0000011c   0x0000011c   0x00000000   Code   RO         2425  * .ARM.Collect$$$$00000000  mc_w.l(entry.o)
    0x0000011c   0x0000011c   0x00000004   Code   RO         2710    .ARM.Collect$$$$00000001  mc_w.l(entry2.o)
    0x00000120   0x00000120   0x00000004   Code   RO         2426    .ARM.Collect$$$$00000004  mc_w.l(entry5.o)
    0x00000124   0x00000124   0x00000000   Code   RO         2714    .ARM.Collect$$$$00000008  mc_w.l(entry7b.o)
    0x00000124   0x00000124   0x00000000   Code   RO         2716    .ARM.Collect$$$$0000000A  mc_w.l(entry8b.o)
    0x00000124   0x00000124   0x00000008   Code   RO         2717    .ARM.Collect$$$$0000000B  mc_w.l(entry9a.o)
    0x0000012c   0x0000012c   0x00000004   Code   RO         2724    .ARM.Collect$$$$0000000E  mc_w.l(entry12b.o)
    0x00000130   0x00000130   0x00000000   Code   RO         2719    .ARM.Collect$$$$0000000F  mc_w.l(entry10a.o)
    0x00000130   0x00000130   0x00000000   Code   RO         2721    .ARM.Collect$$$$00000011  mc_w.l(entry11a.o)
    0x00000130   0x00000130   0x00000004   Code   RO         2711    .ARM.Collect$$$$00002712  mc_w.l(entry2.o)
    0x00000134   0x00000134   0x00000028   Code   RO         1932    .text               startup_max32660.o
    0x0000015c   0x0000015c   0x00000062   Code   RO         2429    .text               mc_w.l(uldiv.o)
    0x000001be   0x000001be   0x00000012   Code   RO         2435    .text               mc_w.l(strcpy.o)
    0x000001d0   0x000001d0   0x0000014e   Code   RO         2700    .text               mf_w.l(dadd.o)
    0x0000031e   0x0000031e   0x000000e4   Code   RO         2702    .text               mf_w.l(dmul.o)
    0x00000402   0x00000402   0x000000de   Code   RO         2704    .text               mf_w.l(ddiv.o)
    0x000004e0   0x000004e0   0x00000026   Code   RO         2706    .text               mf_w.l(f2d.o)
    0x00000506   0x00000506   0x00000038   Code   RO         2708    .text               mf_w.l(d2f.o)
    0x0000053e   0x0000053e   0x00000002   PAD
    0x00000540   0x00000540   0x00000024   Code   RO         2725    .text               mc_w.l(init.o)
    0x00000564   0x00000564   0x0000002c   Code   RO         2727    .text               mc_w.l(uidiv.o)
    0x00000590   0x00000590   0x0000001e   Code   RO         2729    .text               mc_w.l(llshl.o)
    0x000005ae   0x000005ae   0x00000020   Code   RO         2731    .text               mc_w.l(llushr.o)
    0x000005ce   0x000005ce   0x00000024   Code   RO         2733    .text               mc_w.l(llsshr.o)
    0x000005f2   0x000005f2   0x00000000   Code   RO         2735    .text               mc_w.l(iusefp.o)
    0x000005f2   0x000005f2   0x0000006e   Code   RO         2736    .text               mf_w.l(fepilogue.o)
    0x00000660   0x00000660   0x000000ba   Code   RO         2738    .text               mf_w.l(depilogue.o)
    0x0000071a   0x0000071a   0x00000030   Code   RO         2740    .text               mf_w.l(dfixul.o)
    0x0000074a   0x0000074a   0x00000002   PAD
    0x0000074c   0x0000074c   0x00000030   Code   RO         2742    .text               mf_w.l(cdrcmple.o)
    0x0000077c   0x0000077c   0x0000000c   Code   RO         1939    i.$Sub$$__main_after_scatterload  system_max32660.o
    0x00000788   0x00000788   0x00000060   Code   RO          193    i.Board_Init        board.o
    0x000007e8   0x000007e8   0x00000028   Code   RO          194    i.Console_Init      board.o
    0x00000810   0x00000810   0x0000000a   Code   RO          309    i.GPIO0_IRQHandler  pb.o
    0x0000081a   0x0000081a   0x00000002   PAD
    0x0000081c   0x0000081c   0x000000f8   Code   RO         1997    i.GPIO_Config       gpio.o
    0x00000914   0x00000914   0x00000064   Code   RO         1998    i.GPIO_Handler      gpio.o
    0x00000978   0x00000978   0x0000001c   Code   RO         1999    i.GPIO_InGet        gpio.o
    0x00000994   0x00000994   0x00000018   Code   RO         2006    i.GPIO_OutClr       gpio.o
    0x000009ac   0x000009ac   0x00000018   Code   RO         2009    i.GPIO_OutSet       gpio.o
    0x000009c4   0x000009c4   0x00000012   Code   RO           44    i.GPIO_SerialWireDebugDisable  main.o
    0x000009d6   0x000009d6   0x00000002   PAD
    0x000009d8   0x000009d8   0x00000038   Code   RO          263    i.LED_Init          led.o
    0x00000a10   0x00000a10   0x00000018   Code   RO          264    i.LED_Off           led.o
    0x00000a28   0x00000a28   0x00000004   Code   RO          196    i.NMI_Handler       board.o
    0x00000a2c   0x00000a2c   0x00000034   Code   RO          311    i.PB_Init           pb.o
    0x00000a60   0x00000a60   0x00000004   Code   RO         1941    i.PreInit           system_max32660.o
    0x00000a64   0x00000a64   0x0000002a   Code   RO         1641    i.SYS_ClockDisable  mxc_sys.o
    0x00000a8e   0x00000a8e   0x0000002a   Code   RO         1643    i.SYS_ClockEnable   mxc_sys.o
    0x00000ab8   0x00000ab8   0x00000234   Code   RO         1645    i.SYS_Clock_Select  mxc_sys.o
    0x00000cec   0x00000cec   0x0000002e   Code   RO         1646    i.SYS_Clock_Timeout  mxc_sys.o
    0x00000d1a   0x00000d1a   0x00000002   PAD
    0x00000d1c   0x00000d1c   0x0000009c   Code   RO         1673    i.SYS_UART_Init     mxc_sys.o
    0x00000db8   0x00000db8   0x00000008   Code   RO         1525    i.SysTick_Handler   mxc_delay.o
    0x00000dc0   0x00000dc0   0x00000064   Code   RO         1942    i.SystemCoreClockUpdate  system_max32660.o
    0x00000e24   0x00000e24   0x00000094   Code   RO         1943    i.SystemInit        system_max32660.o
    0x00000eb8   0x00000eb8   0x000000dc   Code   RO          901    i.UART_Init         uart.o
    0x00000f94   0x00000f94   0x00000010   Code   RO          912    i.UART_WriteByte    uart.o
    0x00000fa4   0x00000fa4   0x00000020   Code   RO         2672    i.__0printf         mc_w.l(printfa.o)
    0x00000fc4   0x00000fc4   0x0000000e   Code   RO         2746    i.__scatterload_copy  mc_w.l(handlers.o)
    0x00000fd2   0x00000fd2   0x00000002   Code   RO         2747    i.__scatterload_null  mc_w.l(handlers.o)
    0x00000fd4   0x00000fd4   0x0000000e   Code   RO         2748    i.__scatterload_zeroinit  mc_w.l(handlers.o)
    0x00000fe2   0x00000fe2   0x00000002   PAD
    0x00000fe4   0x00000fe4   0x00000184   Code   RO         2679    i._fp_digits        mc_w.l(printfa.o)
    0x00001168   0x00001168   0x000006b4   Code   RO         2680    i._printf_core      mc_w.l(printfa.o)
    0x0000181c   0x0000181c   0x00000024   Code   RO         2681    i._printf_post_padding  mc_w.l(printfa.o)
    0x00001840   0x00001840   0x0000002e   Code   RO         2682    i._printf_pre_padding  mc_w.l(printfa.o)
    0x0000186e   0x0000186e   0x00000002   PAD
    0x00001870   0x00001870   0x000000a4   Code   RO           45    i.bit_bang_spi      main.o
    0x00001914   0x00001914   0x0000001c   Code   RO            1    i.elapsed_time_clr  elapsed_time.o
    0x00001930   0x00001930   0x00000040   Code   RO            2    i.elapsed_time_init  elapsed_time.o
    0x00001970   0x00001970   0x00000018   Code   RO            3    i.elapsed_time_start  elapsed_time.o
    0x00001988   0x00001988   0x00000038   Code   RO            4    i.elapsed_time_stop  elapsed_time.o
    0x000019c0   0x000019c0   0x0000002c   Code   RO          385    i.fputc             stdio.o
    0x000019ec   0x000019ec   0x00000264   Code   RO           46    i.main              main.o
    0x00001c50   0x00001c50   0x00000080   Code   RO         1526    i.mxc_delay         mxc_delay.o
    0x00001cd0   0x00001cd0   0x00000054   Code   RO         1527    i.mxc_delay_check   mxc_delay.o
    0x00001d24   0x00001d24   0x00000058   Code   RO         1528    i.mxc_delay_handler  mxc_delay.o
    0x00001d7c   0x00001d7c   0x000000b4   Code   RO         1529    i.mxc_delay_init    mxc_delay.o
    0x00001e30   0x00001e30   0x0000004c   Code   RO         1530    i.mxc_delay_start   mxc_delay.o
    0x00001e7c   0x00001e7c   0x0000001c   Code   RO         1531    i.mxc_delay_stop    mxc_delay.o
    0x00001e98   0x00001e98   0x00000034   Code   RO           47    i.print_binary      main.o
    0x00001ecc   0x00001ecc   0x00000032   Data   RO          198    .constdata          board.o
    0x00001efe   0x00001efe   0x00000002   PAD
    0x00001f00   0x00001f00   0x000000c0   Data   RO         1616    .constdata          mxc_pins.o
    0x00001fc0   0x00001fc0   0x00000020   Data   RO         2744    Region$$Table       anon$$obj.o


    Execution Region RW_IRAM1 (Exec base: 0x20000000, Load base: 0x00001fe0, Size: 0x00001188, Max: 0x00018000, ABSOLUTE)

    Exec Addr    Load Addr    Size         Type   Attr      Idx    E Section Name        Object

    0x20000000   0x00001fe0   0x00000004   Data   RW          199    .data               board.o
    0x20000004   0x00001fe4   0x00000010   Data   RW          386    .data               stdio.o
    0x20000014   0x00001ff4   0x00000010   Data   RW          916    .data               uart.o
    0x20000024   0x00002004   0x00000004   PAD
    0x20000028   0x00002008   0x0000001c   Data   RW         1532    .data               mxc_delay.o
    0x20000044   0x00002024   0x00000004   Data   RW         1944    .data               system_max32660.o
    0x20000048        -       0x000000a0   Zero   RW            5    .bss                elapsed_time.o
    0x200000e8        -       0x00000030   Zero   RW           48    .bss                main.o
    0x20000118        -       0x00000070   Zero   RW         2012    .bss                gpio.o
    0x20000188        -       0x00001000   Zero   RW         1929    STACK               startup_max32660.o


==============================================================================

Image component sizes


      Code (inc. data)   RO Data    RW Data    ZI Data      Debug   Object Name

       140         24         50          4          0       5218   board.o
       172         34          0          0        160       7972   elapsed_time.o
       424         42          0          0        112       4510   gpio.o
        80         12          0          0          0       1361   led.o
       846        284          0          0         48     132312   main.o
       592         74          0         28          0       5767   mxc_delay.o
         0          0        192          0          0       1530   mxc_pins.o
       850         42          0          0          0       9344   mxc_sys.o
        62         10          0          0          0       1309   pb.o
        40          8        284          0       4096        884   startup_max32660.o
        44          4          0         16          0       3200   stdio.o
       264         36          0          4          0       2842   system_max32660.o
       236         22          0         16          0       3413   uart.o

    ----------------------------------------------------------------------
      3756        592        560         72       4416     179662   Object Totals
         0          0         32          0          0          0   (incl. Generated)
         6          0          2          4          0          0   (incl. Padding)

    ----------------------------------------------------------------------

      Code (inc. data)   RO Data    RW Data    ZI Data      Debug   Library Member Name

         0          0          0          0          0          0   entry.o
         0          0          0          0          0          0   entry10a.o
         0          0          0          0          0          0   entry11a.o
         4          0          0          0          0          0   entry12b.o
         8          4          0          0          0          0   entry2.o
         4          0          0          0          0          0   entry5.o
         0          0          0          0          0          0   entry7b.o
         0          0          0          0          0          0   entry8b.o
         8          4          0          0          0          0   entry9a.o
        30          0          0          0          0          0   handlers.o
        36          8          0          0          0         68   init.o
         0          0          0          0          0          0   iusefp.o
        30          0          0          0          0         68   llshl.o
        36          0          0          0          0         68   llsshr.o
        32          0          0          0          0         68   llushr.o
      2218         90          0          0          0        464   printfa.o
        18          0          0          0          0         68   strcpy.o
        44          0          0          0          0         80   uidiv.o
        98          0          0          0          0         92   uldiv.o
        48          0          0          0          0         68   cdrcmple.o
        56          0          0          0          0         88   d2f.o
       334          0          0          0          0        148   dadd.o
       222          0          0          0          0        100   ddiv.o
       186          0          0          0          0        176   depilogue.o
        48          0          0          0          0         68   dfixul.o
       228          0          0          0          0         96   dmul.o
        38          0          0          0          0         68   f2d.o
       110          0          0          0          0        168   fepilogue.o

    ----------------------------------------------------------------------
      3844        106          0          0          0       1956   Library Totals
         8          0          0          0          0          0   (incl. Padding)

    ----------------------------------------------------------------------

      Code (inc. data)   RO Data    RW Data    ZI Data      Debug   Library Name

      2566        106          0          0          0        976   mc_w.l
      1270          0          0          0          0        980   mf_w.l

    ----------------------------------------------------------------------
      3844        106          0          0          0       1956   Library Totals

    ----------------------------------------------------------------------

==============================================================================


      Code (inc. data)   RO Data    RW Data    ZI Data      Debug   

      7600        698        560         72       4416     177486   Grand Totals
      7600        698        560         72       4416     177486   ELF Image Totals
      7600        698        560         72          0          0   ROM Totals

==============================================================================

    Total RO  Size (Code + RO Data)                 8160 (   7.97kB)
    Total RW  Size (RW Data + ZI Data)              4488 (   4.38kB)
    Total ROM Size (Code + RO Data + RW Data)       8232 (   8.04kB)

==============================================================================

